AbiPreamble.magic=0
AbiPreamble.abi_major=8
AbiPreamble.abi_minor=12
AbiPreamble.__size=16
AbiPreamble.__align=8
Facts.size=0
Facts.version=4
Facts._reserved=6
Facts.tokens=8
Facts.budget_remaining=16
Facts.tenant_id=24
Facts.priority=32
Facts.flags=36
Facts.pool_name_ptr=40
Facts.pool_name_len=48
Facts.identity_id_ptr=56
Facts.identity_id_len=64
Facts.group_ptr=72
Facts.group_len=80
Facts.__size=88
Facts.__align=8
Usage.size=0
Usage.version=4
Usage.component=6
Usage._reserved=7
Usage.amount=8
Usage.unit_cost_micros=16
Usage.admission=24
Usage.key_id_ptr=32
Usage.key_id_len=40
Usage.model_ptr=48
Usage.model_len=56
Usage.provider_ptr=64
Usage.provider_len=72
Usage.units_ptr=80
Usage.units_len=88
Usage.__size=96
Usage.__align=8
Key.size=0
Key.version=4
Key._reserved=6
Key.scope=8
Key._reserved2=12
Key.key_ptr=16
Key.key_len=24
Key.drift_state=32
Key.__size=40
Key.__align=8
Signal.size=0
Signal.version=4
Signal.class=6
Signal._reserved=7
Signal.latency_nanos=8
Signal.bytes=16
Signal.fault_class=24
Signal.fault_flags=25
Signal._reserved2=26
Signal._reserved3=28
Signal.retry_after_secs=32
Signal.provider_signal_ptr=40
Signal.provider_signal_len=48
Signal.__size=56
Signal.__align=8
AdmitRefusal.size=0
AdmitRefusal.version=4
AdmitRefusal.reason=6
AdmitRefusal._reserved=7
AdmitRefusal.retry_after_secs=8
AdmitRefusal.__size=16
AdmitRefusal.__align=8
GovRefusal.size=0
GovRefusal.version=4
GovRefusal._reserved=6
GovRefusal.retry_after_secs=8
GovRefusal.reason_len=16
GovRefusal.__size=24
GovRefusal.__align=8
GuardVerdict.size=0
GuardVerdict.version=4
GuardVerdict._reserved=6
GuardVerdict.verdict=8
GuardVerdict.class=9
GuardVerdict._reserved2=10
GuardVerdict.reason_len=12
GuardVerdict.__size=16
GuardVerdict.__align=4
EgressDesc.size=0
EgressDesc.version=4
EgressDesc.kind=6
EgressDesc._reserved=7
EgressDesc.allowlist_scope=8
EgressDesc._reserved2=12
EgressDesc.target_ptr=16
EgressDesc.target_len=24
EgressDesc.client_identity_ref=32
EgressDesc.credential_ref=40
EgressDesc.verb_ptr=48
EgressDesc.verb_len=56
EgressDesc.headers_ptr=64
EgressDesc.headers_len=72
EgressDesc.body_ptr=80
EgressDesc.body_len=88
EgressDesc.cred_header_ptr=96
EgressDesc.cred_header_len=104
EgressDesc.cred_scheme_ptr=112
EgressDesc.cred_scheme_len=120
EgressDesc.env_ptr=128
EgressDesc.env_len=136
EgressDesc.cwd_ptr=144
EgressDesc.cwd_len=152
EgressDesc.stderr_inherit=160
EgressDesc._reserved3=161
EgressDesc.trust_anchor_ref=168
EgressDesc.timeout_ms=176
EgressDesc.resolved_addr=184
EgressDesc.resolved_addr_kind=200
EgressDesc._reserved4=201
EgressDesc.__size=208
EgressDesc.__align=8
EgressHead.size=0
EgressHead.version=4
EgressHead.status_code=6
EgressHead.observed_spki_ptr=8
EgressHead.observed_spki_len=16
EgressHead.resp_headers_ptr=24
EgressHead.resp_headers_len=32
EgressHead.client_identity_offered=40
EgressHead._reserved4=41
EgressHead.__size=48
EgressHead.__align=8
EgressOpen.size=0
EgressOpen.version=4
EgressOpen._reserved=6
EgressOpen.id=8
EgressOpen.pipe=16
EgressOpen.head=24
EgressOpen.__size=72
EgressOpen.__align=8
EgressFault.size=0
EgressFault.version=4
EgressFault.fail_class=6
EgressFault._reserved=7
EgressFault.status_code=8
EgressFault._reserved2=10
EgressFault.cause_len=12
EgressFault.url_len=16
EgressFault.__size=20
EgressFault.__align=4
CmdDesc.size=0
CmdDesc.version=4
CmdDesc.argv_count=6
CmdDesc.program_ptr=8
CmdDesc.program_len=16
CmdDesc.argv_ptr=24
CmdDesc.argv_len=32
CmdDesc.__size=40
CmdDesc.__align=8
FramingDesc.size=0
FramingDesc.version=4
FramingDesc.framing=6
FramingDesc.digests_scope=7
FramingDesc.__size=8
FramingDesc.__align=4
JournalQuery.size=0
JournalQuery.version=4
JournalQuery._reserved=6
JournalQuery.scope=8
JournalQuery._reserved2=12
JournalQuery.from_seq=16
JournalQuery.limit=24
JournalQuery.__size=32
JournalQuery.__align=8
JournalStreamDesc.size=0
JournalStreamDesc.version=4
JournalStreamDesc.framing=6
JournalStreamDesc.digests_scope=7
JournalStreamDesc.kind_id=8
JournalStreamDesc._reserved=12
JournalStreamDesc.kind_ptr=16
JournalStreamDesc.kind_len=24
JournalStreamDesc.__size=32
JournalStreamDesc.__align=8
ReframeOut.size=0
ReframeOut.version=4
ReframeOut.digests_scope=6
ReframeOut._r=7
ReframeOut.seq=8
ReframeOut.prev_len=16
ReframeOut.hash_len=24
ReframeOut.suffix_len=32
ReframeOut.__size=40
ReframeOut.__align=8
RestoredHdr.size=0
RestoredHdr.version=4
RestoredHdr._reserved=6
RestoredHdr.scopes=8
RestoredHdr.records=16
RestoredHdr.empty_scopes=24
RestoredHdr.chain_breaks=32
RestoredHdr.__size=48
RestoredHdr.__align=8
ChainBreakHdr.size=0
ChainBreakHdr.version=4
ChainBreakHdr.broke=6
ChainBreakHdr._reserved=7
ChainBreakHdr._reserved2=8
ChainBreakHdr.at_index=16
ChainBreakHdr.seq=24
ChainBreakHdr.__size=32
ChainBreakHdr.__align=8
VerifyChainHdr.size=0
VerifyChainHdr.version=4
VerifyChainHdr.verified=6
VerifyChainHdr._reserved=7
VerifyChainHdr._reserved2=8
VerifyChainHdr.at_index=16
VerifyChainHdr.seq=24
VerifyChainHdr.__size=32
VerifyChainHdr.__align=8
OpDesc.size=0
OpDesc.version=4
OpDesc._reserved=6
OpDesc.depth=8
OpDesc._reserved2=12
OpDesc.correlation_id=16
OpDesc.work_ptr=24
OpDesc.work_len=32
OpDesc.__size=40
OpDesc.__align=8
OpResult.size=0
OpResult.version=4
OpResult.class=6
OpResult._reserved=7
OpResult.body_len=8
OpResult.seq=16
OpResult.__size=24
OpResult.__align=8
WorkHandleDesc.size=0
WorkHandleDesc.version=4
WorkHandleDesc._reserved=6
WorkHandleDesc.scope=8
WorkHandleDesc.ttl_secs=12
WorkHandleDesc.correlation_id=16
WorkHandleDesc.__size=24
WorkHandleDesc.__align=8
VerifyVerdict.size=0
VerifyVerdict.version=4
VerifyVerdict.outcome=6
VerifyVerdict._reserved=7
VerifyVerdict.lease=8
VerifyVerdict.digest_ptr=16
VerifyVerdict.digest_len=24
VerifyVerdict.__size=32
VerifyVerdict.__align=8
AuthQuery.size=0
AuthQuery.version=4
AuthQuery._reserved=6
AuthQuery.credential_ref=8
AuthQuery.audience_ptr=16
AuthQuery.audience_len=24
AuthQuery.__size=32
AuthQuery.__align=8
AuthResolved.size=0
AuthResolved.version=4
AuthResolved._reserved=6
AuthResolved._reserved2=8
AuthResolved.resolved_ref=16
AuthResolved.expires_unix=24
AuthResolved.__size=32
AuthResolved.__align=8
IdentityQuery.size=0
IdentityQuery.version=4
IdentityQuery._reserved=6
IdentityQuery.token_present=8
IdentityQuery._reserved2=12
IdentityQuery.token_ptr=16
IdentityQuery.token_len=24
IdentityQuery.audience_ptr=32
IdentityQuery.audience_len=40
IdentityQuery.resource_ptr=48
IdentityQuery.resource_len=56
IdentityQuery.__size=64
IdentityQuery.__align=8
IdentityAdmitted.size=0
IdentityAdmitted.version=4
IdentityAdmitted.outcome=6
IdentityAdmitted._reserved=7
IdentityAdmitted._reserved2=8
IdentityAdmitted.identity=16
IdentityAdmitted.__size=24
IdentityAdmitted.__align=8
GateSubjectRef.size=0
GateSubjectRef.version=4
GateSubjectRef.plane_key=6
GateSubjectRef.key_present=7
GateSubjectRef.incremental=8
GateSubjectRef._reserved=9
GateSubjectRef.request_id=16
GateSubjectRef.container_ptr=24
GateSubjectRef.container_len=32
GateSubjectRef.method_ptr=40
GateSubjectRef.method_len=48
GateSubjectRef.args_ptr=56
GateSubjectRef.args_len=64
GateSubjectRef.key_id_ptr=72
GateSubjectRef.key_id_len=80
GateSubjectRef.key_name_ptr=88
GateSubjectRef.key_name_len=96
GateSubjectRef.session_id_ptr=104
GateSubjectRef.session_id_len=112
GateSubjectRef.__size=120
GateSubjectRef.__align=8
GateVerdictOut.size=0
GateVerdictOut.version=4
GateVerdictOut.proceed=6
GateVerdictOut._reserved=7
GateVerdictOut.status=8
GateVerdictOut.message_len=12
GateVerdictOut.hook_len=16
GateVerdictOut.__size=20
GateVerdictOut.__align=4
MetricSample.size=0
MetricSample.version=4
MetricSample._reserved=6
MetricSample._reserved2=8
MetricSample.value_bits=16
MetricSample.name_ptr=24
MetricSample.name_len=32
MetricSample.labels_ptr=40
MetricSample.labels_len=48
MetricSample.__size=56
MetricSample.__align=8
VerifyQuery.size=0
VerifyQuery.version=4
VerifyQuery._reserved=6
VerifyQuery.last_checked_present=8
VerifyQuery._reserved2=12
VerifyQuery.ttl_ms=16
VerifyQuery.now_ms=24
VerifyQuery.last_checked_ms=32
VerifyQuery.__size=40
VerifyQuery.__align=8
ApprovalQuery.size=0
ApprovalQuery.version=4
ApprovalQuery._reserved=6
ApprovalQuery.scope=8
ApprovalQuery._reserved2=12
ApprovalQuery.expires_at=16
ApprovalQuery.now=24
ApprovalQuery.key_ptr=32
ApprovalQuery.key_len=40
ApprovalQuery.__size=48
ApprovalQuery.__align=8
CounterpartyRef.size=0
CounterpartyRef.version=4
CounterpartyRef._reserved=6
CounterpartyRef.scope=8
CounterpartyRef._reserved2=12
CounterpartyRef.ref_ptr=16
CounterpartyRef.ref_len=24
CounterpartyRef.identity_live=32
CounterpartyRef.grant_outcome=33
CounterpartyRef.registration_state=34
CounterpartyRef.artifact_outcome=35
CounterpartyRef.fact_flags=36
CounterpartyRef._reserved3=37
CounterpartyRef._reserved4=38
CounterpartyRef.generation_admitted=40
CounterpartyRef.generation_live=48
CounterpartyRef.__size=56
CounterpartyRef.__align=8
CallerRef.size=0
CallerRef.version=4
CallerRef._reserved=6
CallerRef.scope=8
CallerRef._reserved2=12
CallerRef.ref_ptr=16
CallerRef.ref_len=24
CallerRef.__size=32
CallerRef.__align=8
TargetRef.size=0
TargetRef.version=4
TargetRef._reserved=6
TargetRef.scope_kind=8
TargetRef._reserved2=12
TargetRef.ref_ptr=16
TargetRef.ref_len=24
TargetRef.__size=32
TargetRef.__align=8
ContentChunk.size=0
ContentChunk.version=4
ContentChunk.is_final=6
ContentChunk._reserved=7
ContentChunk.session_id=8
ContentChunk.offset=16
ContentChunk.data_ptr=24
ContentChunk.data_len=32
ContentChunk.__size=40
ContentChunk.__align=8
OpaqueState.ptr=0
OpaqueState.free=8
OpaqueState.__size=16
OpaqueState.__align=8
InboundHandle.kind=0
InboundHandle._reserved=1
InboundHandle.id=8
InboundHandle.ptr=16
InboundHandle.len=24
InboundHandle.__size=32
InboundHandle.__align=8
EmitHandle.kind=0
EmitHandle._reserved=1
EmitHandle.id=8
EmitHandle.__size=16
EmitHandle.__align=8
WorkItem.size=0
WorkItem.version=4
WorkItem._reserved=6
WorkItem.inbound=8
WorkItem.emit=40
WorkItem.host=56
WorkItem.host_ctx=64
WorkItem.reply_ptr=80
WorkItem.reply_cap=88
WorkItem.reply_written=96
WorkItem.head=104
WorkItem.head_read=112
WorkItem.emit_head=120
WorkItem.stream=128
WorkItem.emit_body=144
WorkItem.__size=152
WorkItem.__align=8
HeadField.name_ptr=0
HeadField.name_len=8
HeadField.value_ptr=16
HeadField.value_len=24
HeadField.__size=32
HeadField.__align=8
PlaneHostVtable.abi=0
PlaneHostVtable.size=16
PlaneHostVtable.version=20
PlaneHostVtable.govern_admit=24
PlaneHostVtable.meter_charge=32
PlaneHostVtable.breaker_admit=40
PlaneHostVtable.breaker_settle=48
PlaneHostVtable.verify_lookup=56
PlaneHostVtable.verify_store=64
PlaneHostVtable.egress_open=72
PlaneHostVtable.egress_poll=80
PlaneHostVtable.egress_write=88
PlaneHostVtable.egress_close=96
PlaneHostVtable.journal_append=104
PlaneHostVtable.journal_read=112
PlaneHostVtable.nested_dispatch=120
PlaneHostVtable.workhandle_open=128
PlaneHostVtable.workhandle_resume=136
PlaneHostVtable.drift_quarantine=144
PlaneHostVtable.approval_redeem=152
PlaneHostVtable.metrics_emit=160
PlaneHostVtable.clock_now=168
PlaneHostVtable.auth_resolve=176
PlaneHostVtable.trust_evaluate=184
PlaneHostVtable.entitlement_check=192
PlaneHostVtable.gate_scan=200
PlaneHostVtable.breaker_admit_reason=208
PlaneHostVtable.verify_decide=216
PlaneHostVtable.approval_redeem_q=224
PlaneHostVtable.govern_admit_reason=232
PlaneHostVtable.pipe_read=240
PlaneHostVtable.pipe_write=248
PlaneHostVtable.egress_fault=256
PlaneHostVtable.journal_register=264
PlaneHostVtable.journal_append_scoped=272
PlaneHostVtable.journal_read_scoped=280
PlaneHostVtable.journal_restore=288
PlaneHostVtable.journal_seed=296
PlaneHostVtable.journal_forget=304
PlaneHostVtable.journal_compact=312
PlaneHostVtable.journal_verify_scoped=320
PlaneHostVtable.subkey_sign=328
PlaneHostVtable.guard_url=336
PlaneHostVtable.identity_admit=344
PlaneHostVtable.gate_decide=352
PlaneHostVtable.cost_reserve=360
PlaneHostVtable.cost_settle=368
PlaneHostVtable.counter_add=376
PlaneHostVtable.entropy_fill=384
PlaneHostVtable.wall_clock=392
PlaneHostVtable.tap_fault_latch=400
PlaneHostVtable.translate_cap=408
PlaneHostVtable.__size=416
PlaneHostVtable.__align=8
BuildCtx.size=0
BuildCtx.version=4
BuildCtx._reserved=6
BuildCtx._reserved2=8
BuildCtx.host=16
BuildCtx.host_ctx=24
BuildCtx.config_ptr=40
BuildCtx.config_len=48
BuildCtx.resolved_refs_ptr=56
BuildCtx.resolved_refs_len=64
BuildCtx.public_url_ptr=72
BuildCtx.public_url_len=80
BuildCtx.__size=88
BuildCtx.__align=8
PlaneDecl.abi=0
PlaneDecl.size=16
PlaneDecl.version=20
PlaneDecl.name_ptr=24
PlaneDecl.name_len=32
PlaneDecl.section_key_ptr=40
PlaneDecl.section_key_len=48
PlaneDecl.scope_ptr=56
PlaneDecl.scope_len=64
PlaneDecl.label_ptr=72
PlaneDecl.label_len=80
PlaneDecl.provided_carriers=88
PlaneDecl._reserved=92
PlaneDecl.config_validate=96
PlaneDecl.build=104
PlaneDecl.hydrate=112
PlaneDecl.start=120
PlaneDecl.admin_routes=128
PlaneDecl.openapi=136
PlaneDecl.dispatch=144
PlaneDecl.fallback=152
PlaneDecl._reserved2=156
PlaneDecl.subject_noun=160
PlaneDecl.admin_noun=176
PlaneDecl.audit_kind=192
PlaneDecl.signing_domain=208
PlaneDecl.signing_kid_prefix=224
PlaneDecl.scope_kinds_ptr=240
PlaneDecl.scope_kinds_len=248
PlaneDecl.owned_sections_ptr=256
PlaneDecl.owned_sections_len=264
PlaneDecl.billable_classes_ptr=272
PlaneDecl.billable_classes_len=280
PlaneDecl.fee_units_ptr=288
PlaneDecl.fee_units_len=296
PlaneDecl.claims=304
PlaneDecl.admission=312
PlaneDecl.metric_families_ptr=320
PlaneDecl.metric_families_len=328
PlaneDecl.served_op_classes_ptr=336
PlaneDecl.served_op_classes_len=344
PlaneDecl.record_kinds_ptr=352
PlaneDecl.record_kinds_len=360
PlaneDecl.dispatch_flags=368
PlaneDecl._reserved3=372
PlaneDecl.required_sections_ptr=376
PlaneDecl.required_sections_len=384
PlaneDecl.__size=392
PlaneDecl.__align=8
DeclStr.ptr=0
DeclStr.len=8
DeclStr.__size=16
DeclStr.__align=8
DeclBillableClass.class=0
DeclBillableClass.family=16
DeclBillableClass.__size=32
DeclBillableClass.__align=8
DeclMetricFamily.name=0
DeclMetricFamily.kind=16
DeclMetricFamily.label_keys_ptr=32
DeclMetricFamily.label_keys_len=40
DeclMetricFamily.__size=48
DeclMetricFamily.__align=8
DeclServedOpClass.op=0
DeclServedOpClass.name=16
DeclServedOpClass.__size=32
DeclServedOpClass.__align=8
TransportDecl.abi=0
TransportDecl.size=16
TransportDecl.version=20
TransportDecl.key=24
TransportDecl.composes_over=40
TransportDecl.selector_forms=56
TransportDecl.egress_selector_forms=72
TransportDecl.handoff_from=88
TransportDecl.handoff_to=104
TransportDecl.handoff_binding_fact=120
TransportDecl.upgrades_to=136
TransportDecl.handshake_frame_kind=152
TransportDecl.transport_facts=168
TransportDecl.status_namespace=184
TransportDecl.framing=200
TransportDecl.session=201
TransportDecl.session_bound=202
TransportDecl.decodes_payload=203
TransportDecl.unit0_trigger=204
TransportDecl.handshake_max_steps=205
TransportDecl.status_at=206
TransportDecl._reserved=207
TransportDecl.init=208
TransportDecl.carrier=216
TransportDecl.framer=224
TransportDecl.claims_ptr=232
TransportDecl.claims_len=240
TransportDecl.__size=248
TransportDecl.__align=8
DeclClaim.key=0
DeclClaim.selector_forms=16
DeclClaim.transport_facts=32
DeclClaim.status_namespace=48
DeclClaim.session=64
DeclClaim.session_bound=65
DeclClaim.unit0_trigger=66
DeclClaim.status_at=67
DeclClaim._reserved=68
DeclClaim.__size=72
DeclClaim.__align=8
CarrierSlots.size=0
CarrierSlots._reserved=4
CarrierSlots.listen=8
CarrierSlots.poll_accept=16
CarrierSlots.dial=24
CarrierSlots.poll_read=32
CarrierSlots.poll_write=40
CarrierSlots.poll_flush=48
CarrierSlots.poll_close=56
CarrierSlots.arrival=64
CarrierSlots.__size=72
CarrierSlots.__align=8
FramerSlots.size=0
FramerSlots._reserved=4
FramerSlots.locate=8
FramerSlots.open=16
FramerSlots.ingest=24
FramerSlots.emit=32
FramerSlots.encode_envelope=40
FramerSlots.refusal=48
FramerSlots.close=56
FramerSlots.detach=64
FramerSlots.adopt=72
FramerSlots.tick=80
FramerSlots.__size=88
FramerSlots.__align=8
DeclStrList.ptr=0
DeclStrList.len=8
DeclStrList.__size=16
DeclStrList.__align=8
DeclByteList.ptr=0
DeclByteList.len=8
DeclByteList.__size=16
DeclByteList.__align=8
WireSettings.size=0
WireSettings.version=4
WireSettings.upstream_http1_only=6
WireSettings.upstream_h2_prior_knowledge=7
WireSettings.pool_max_idle_per_host=8
WireSettings.pool_idle_timeout_secs=16
WireSettings.request_body_max_bytes=24
WireSettings.response_body_max_bytes=32
WireSettings.request_timeout_secs=40
WireSettings.__size=48
WireSettings.__align=8
WireWaker.size=0
WireWaker.version=4
WireWaker.wake=8
WireWaker.__size=16
WireWaker.__align=8
WireDest.size=0
WireDest.kind=4
WireDest._reserved=5
WireDest.authority=8
WireDest.program=24
WireDest.args=40
WireDest.env=56
WireDest.env_len=64
WireDest.__size=72
WireDest.__align=8
WireEnvPair.name=0
WireEnvPair.value=16
WireEnvPair.__size=32
WireEnvPair.__align=8
WireConnFacts.size=0
WireConnFacts.version=4
WireConnFacts.sni=8
WireConnFacts.alpn=24
WireConnFacts.cert_subject=40
WireConnFacts.cert_issuer=56
WireConnFacts.cert_fingerprint=72
WireConnFacts.claim=88
WireConnFacts.__size=104
WireConnFacts.__align=8
WireFramed.size=0
WireFramed.end_of_frame=4
WireFramed.status_class=5
WireFramed.flags=6
WireFramed._reserved=7
WireFramed.stream=8
WireFramed.bytes=16
WireFramed.len=24
WireFramed.status_code=32
WireFramed._reserved2=36
WireFramed.retry_after_secs=40
WireFramed.__size=48
WireFramed.__align=8
WireFramerOut.ctx=0
WireFramerOut.send=8
WireFramerOut.frame=16
WireFramerOut.end=24
WireFramerOut.now_monotonic_nanos=32
WireFramerOut.now_unix_nanos=40
WireFramerOut.wake_at=48
WireFramerOut.__size=56
WireFramerOut.__align=8
WireBytesOut.ctx=0
WireBytesOut.put=8
WireBytesOut.__size=16
WireBytesOut.__align=8
WireField.name=0
WireField.value=16
WireField.__size=32
WireField.__align=8
ConnCtx.ptr=0
ConnCtx.__size=8
ConnCtx.__align=8
ConnSlots.size=0
ConnSlots._reserved=4
ConnSlots.open=8
ConnSlots.write=16
ConnSlots.read=24
ConnSlots.wait=32
ConnSlots.facts=40
ConnSlots.close=48
ConnSlots.__size=56
ConnSlots.__align=8
WireOpenDesc.size=0
WireOpenDesc._reserved=4
WireOpenDesc.target=8
WireOpenDesc.fields=24
WireOpenDesc.fields_len=32
WireOpenDesc.body=40
WireOpenDesc.body_len=48
WireOpenDesc.timeout_ms=56
WireOpenDesc.__size=64
WireOpenDesc.__align=8
WirePiece.size=0
WirePiece.kind=4
WirePiece.end=5
WirePiece.status_class=6
WirePiece.flags=7
WirePiece.stream=8
WirePiece.len=16
WirePiece.code=24
WirePiece._reserved=28
WirePiece.ns=32
WirePiece.retry_after_secs=48
WirePiece.__size=56
WirePiece.__align=8
MechStr.ptr=0
MechStr.len=8
MechStr.__size=16
MechStr.__align=8
MechBlob.ptr=0
MechBlob.len=8
MechBlob.fmt=16
MechBlob.flags=20
MechBlob.__size=24
MechBlob.__align=8
MechInHead.size=0
MechInHead.op=4
MechInHead.flags=8
MechInHead.deadline_class=12
MechInHead._reserved=13
MechInHead.host=16
MechInHead.ticket=24
MechInHead.deadline_ns=32
MechInHead.trace_id=40
MechInHead.parent_span_id=56
MechInHead.extensions=64
MechInHead.__size=88
MechInHead.__align=8
MechMetricEntry.family_idx=0
MechMetricEntry.kind=4
MechMetricEntry._reserved=5
MechMetricEntry.value=8
MechMetricEntry.label_vals=16
MechMetricEntry.label_vals_len=24
MechMetricEntry.__size=32
MechMetricEntry.__align=8
MechDiag.id_idx=0
MechDiag.severity=4
MechDiag._reserved=5
MechDiag.text=8
MechDiag.__size=24
MechDiag.__align=8
MechEnvelope.metrics=0
MechEnvelope.metrics_len=8
MechEnvelope.diags=16
MechEnvelope.diags_len=24
MechEnvelope.__size=32
MechEnvelope.__align=8
MechOutHead.size=0
MechOutHead.outcome=4
MechOutHead._reserved=5
MechOutHead.wake_at_ns=8
MechOutHead.lease=16
MechOutHead.error=24
MechOutHead.envelope=40
MechOutHead.extensions=72
MechOutHead.__size=96
MechOutHead.__align=8
MechDoor.magic=0
MechDoor.mechanism_version=8
MechDoor.size=12
MechDoor.kind=16
MechDoor.kind_abi=20
MechDoor.statement=24
MechDoor.ops=32
MechDoor.__size=40
MechDoor.__align=8
MechMetricFamily.name=0
MechMetricFamily.help=16
MechMetricFamily.unit=32
MechMetricFamily.label_keys=48
MechMetricFamily.label_keys_len=56
MechMetricFamily.kind=64
MechMetricFamily._reserved=65
MechMetricFamily.__size=72
MechMetricFamily.__align=8
MechStatement.size=0
MechStatement.kind=4
MechStatement.kind_abi=8
MechStatement.max_inflight=12
MechStatement.name=16
MechStatement.version=32
MechStatement.families=48
MechStatement.families_len=56
MechStatement.diag_ids=64
MechStatement.diag_ids_len=72
MechStatement.kind_tail=80
MechStatement.extensions=88
MechStatement.secret_refs=112
MechStatement.secret_refs_len=120
MechStatement.settings_schema=128
MechStatement.__size=152
MechStatement.__align=8
MechKindTailHead.size=0
MechKindTailHead._reserved=4
MechKindTailHead.__size=8
MechKindTailHead.__align=4
MechTicket.slot=0
MechTicket.generation=4
MechTicket.__size=8
MechTicket.__align=4
MechCompletionHandle.ticket=0
MechCompletionHandle.seq=8
MechCompletionHandle._reserved=12
MechCompletionHandle.__size=16
MechCompletionHandle.__align=4
MechHostCtx.ptr=0
MechHostCtx.__size=8
MechHostCtx.__align=8
MechHostTables.size=0
MechHostTables._reserved=4
MechHostTables.ctx=8
MechHostTables.wake=16
MechHostTables.conns=24
MechHostTables.services=32
MechHostTables.__size=40
MechHostTables.__align=8
MechOpsHead.size=0
MechOpsHead.slots=4
MechOpsHead.validate=8
MechOpsHead.open=16
MechOpsHead.refresh=24
MechOpsHead.retire=32
MechOpsHead.tick=40
MechOpsHead.drive=48
MechOpsHead.cancel=56
MechOpsHead.release=64
MechOpsHead.close=72
MechOpsHead.__size=80
MechOpsHead.__align=8
MechValidateIn.head=0
MechValidateIn.settings=88
MechValidateIn.__size=112
MechValidateIn.__align=8
MechOpenIn.head=0
MechOpenIn.host=88
MechOpenIn.settings=96
MechOpenIn.secrets=120
MechOpenIn.secrets_len=128
MechOpenIn.generation=136
MechOpenIn.__size=144
MechOpenIn.__align=8
MechOpenOut.head=0
MechOpenOut.instance=96
MechOpenOut.__size=104
MechOpenOut.__align=8
MechGenIn.head=0
MechGenIn.generation=88
MechGenIn.__size=96
MechGenIn.__align=8
MechRefreshIn.head=0
MechRefreshIn.generation=88
MechRefreshIn.settings=96
MechRefreshIn.secrets=120
MechRefreshIn.secrets_len=128
MechRefreshIn.__size=136
MechRefreshIn.__align=8
MechTickIn.head=0
MechTickIn.now_ns=88
MechTickIn.__size=96
MechTickIn.__align=8
MechTickOut.head=0
MechTickOut.next_tick_ns=96
MechTickOut.__size=104
MechTickOut.__align=8
MechDriveIn.head=0
MechDriveIn.driver=88
MechDriveIn.__size=96
MechDriveIn.__align=8
MechCancelIn.head=0
MechCancelIn.ticket=88
MechCancelIn.__size=96
MechCancelIn.__align=8
MechCancelOut.head=0
MechCancelOut.disposition=96
MechCancelOut._reserved=100
MechCancelOut.__size=104
MechCancelOut.__align=8
MechReleaseIn.head=0
MechReleaseIn.lease=88
MechReleaseIn.__size=96
MechReleaseIn.__align=8
StoreHostBuf.ptr=0
StoreHostBuf.cap=8
StoreHostBuf.__size=16
StoreHostBuf.__align=8
StoreHostBlobs.items=0
StoreHostBlobs.items_cap=8
StoreHostBlobs.bytes=16
StoreHostBlobs.__size=32
StoreHostBlobs.__align=8
StoreHostBytesOut.head=0
StoreHostBytesOut.found=96
StoreHostBytesOut._reserved=100
StoreHostBytesOut.written=104
StoreHostBytesOut.needed=112
StoreHostBytesOut.__size=120
StoreHostBytesOut.__align=8
StoreHostListOut.head=0
StoreHostListOut.items_written=96
StoreHostListOut.bytes_written=104
StoreHostListOut.needed_items=112
StoreHostListOut.needed_bytes=120
StoreHostListOut.__size=128
StoreHostListOut.__align=8
StoreLeasedBlobOut.head=0
StoreLeasedBlobOut.found=96
StoreLeasedBlobOut._reserved=100
StoreLeasedBlobOut.record=104
StoreLeasedBlobOut.__size=128
StoreLeasedBlobOut.__align=8
StoreLeasedListOut.head=0
StoreLeasedListOut.items=96
StoreLeasedListOut.items_len=104
StoreLeasedListOut.__size=112
StoreLeasedListOut.__align=8
StoreLeasedStrListOut.head=0
StoreLeasedStrListOut.items=96
StoreLeasedStrListOut.items_len=104
StoreLeasedStrListOut.__size=112
StoreLeasedStrListOut.__align=8
StoreCountOut.head=0
StoreCountOut.count=96
StoreCountOut.__size=104
StoreCountOut.__align=8
StoreVerdictOut.head=0
StoreVerdictOut.verdict=96
StoreVerdictOut._reserved=100
StoreVerdictOut.__size=104
StoreVerdictOut.__align=8
StoreStoreTail.head=0
StoreStoreTail.ephemeral=8
StoreStoreTail.durable_plane=9
StoreStoreTail.fork_refusal=10
StoreStoreTail._reserved=11
StoreStoreTail.__size=16
StoreStoreTail.__align=4
StoreOpId.__size=16
StoreOpId.__align=1
StoreUnitCell.bucket=0
StoreUnitCell.pool=16
StoreUnitCell.dimension=32
StoreUnitCell._r=36
StoreUnitCell.class_key=40
StoreUnitCell.amount=56
StoreUnitCell.window_start=64
StoreUnitCell.__size=72
StoreUnitCell.__align=8
StoreCellGrant.slice_id=0
StoreCellGrant.granted=8
StoreCellGrant.valid_until_ms=16
StoreCellGrant.__size=24
StoreCellGrant.__align=8
StoreReserveIn.head=0
StoreReserveIn.op_id=88
StoreReserveIn.epoch=104
StoreReserveIn.cells=112
StoreReserveIn.cells_len=120
StoreReserveIn.grants=128
StoreReserveIn.grants_cap=136
StoreReserveIn.__size=144
StoreReserveIn.__align=8
StoreReserveOut.head=0
StoreReserveOut.grants_len=96
StoreReserveOut.reason=104
StoreReserveOut.failed_cell=108
StoreReserveOut.needed_grants=112
StoreReserveOut.__size=120
StoreReserveOut.__align=8
StoreReleaseItem.slice_id=0
StoreReleaseItem.unspent=8
StoreReleaseItem.__size=16
StoreReleaseItem.__align=8
StoreSliceReleaseIn.head=0
StoreSliceReleaseIn.op_id=88
StoreSliceReleaseIn.epoch=104
StoreSliceReleaseIn.items=112
StoreSliceReleaseIn.items_len=120
StoreSliceReleaseIn.released=128
StoreSliceReleaseIn.released_cap=136
StoreSliceReleaseIn.__size=144
StoreSliceReleaseIn.__align=8
StoreSliceReleaseOut.head=0
StoreSliceReleaseOut.released_len=96
StoreSliceReleaseOut.needed_released=104
StoreSliceReleaseOut.__size=112
StoreSliceReleaseOut.__align=8
StoreUsageCell.bucket=0
StoreUsageCell.window_start=16
StoreUsageCell.delta=24
StoreUsageCell.__size=48
StoreUsageCell.__align=8
StoreAddUsageBatchIn.head=0
StoreAddUsageBatchIn.op_id=88
StoreAddUsageBatchIn.cells=104
StoreAddUsageBatchIn.cells_len=112
StoreAddUsageBatchIn.__size=120
StoreAddUsageBatchIn.__align=8
StoreOpBlobsIn.head=0
StoreOpBlobsIn.op_id=88
StoreOpBlobsIn.records=104
StoreOpBlobsIn.records_len=112
StoreOpBlobsIn.__size=120
StoreOpBlobsIn.__align=8
StoreWindowCap.bucket=0
StoreWindowCap.pool=16
StoreWindowCap.dimension=32
StoreWindowCap._r=36
StoreWindowCap.class_key=40
StoreWindowCap.window_start=56
StoreWindowCap.cap=64
StoreWindowCap.config_gen=72
StoreWindowCap.__size=80
StoreWindowCap.__align=8
StoreWindowCapsIn.head=0
StoreWindowCapsIn.op_id=88
StoreWindowCapsIn.caps=104
StoreWindowCapsIn.caps_len=112
StoreWindowCapsIn.__size=120
StoreWindowCapsIn.__align=8
StoreIdIn.head=0
StoreIdIn.id=88
StoreIdIn.__size=104
StoreIdIn.__align=8
StoreU64In.head=0
StoreU64In.value=88
StoreU64In.__size=96
StoreU64In.__align=8
StoreWindowIn.head=0
StoreWindowIn.bucket=88
StoreWindowIn.window_start=104
StoreWindowIn.__size=112
StoreWindowIn.__align=8
StorePutUsageIn.head=0
StorePutUsageIn.bucket=88
StorePutUsageIn.window_start=104
StorePutUsageIn.ledger=112
StorePutUsageIn.__size=136
StorePutUsageIn.__align=8
StoreAddUsageIn.head=0
StoreAddUsageIn.op_id=88
StoreAddUsageIn.cell=104
StoreAddUsageIn.__size=152
StoreAddUsageIn.__align=8
StoreBlobIn.head=0
StoreBlobIn.record=88
StoreBlobIn.__size=112
StoreBlobIn.__align=8
StoreOpBlobIn.head=0
StoreOpBlobIn.op_id=88
StoreOpBlobIn.record=104
StoreOpBlobIn.__size=128
StoreOpBlobIn.__align=8
StoreKeyWithCredentialIn.head=0
StoreKeyWithCredentialIn.key=88
StoreKeyWithCredentialIn.credential=112
StoreKeyWithCredentialIn.__size=136
StoreKeyWithCredentialIn.__align=8
StoreKindIdIn.head=0
StoreKindIdIn.kind=88
StoreKindIdIn.id=104
StoreKindIdIn.__size=120
StoreKindIdIn.__align=8
StoreIdReasonIn.head=0
StoreIdReasonIn.id=88
StoreIdReasonIn.reason=104
StoreIdReasonIn.__size=120
StoreIdReasonIn.__align=8
StorePlaneRecordRow.kind=0
StorePlaneRecordRow.id=16
StorePlaneRecordRow.parent=32
StorePlaneRecordRow.seq=48
StorePlaneRecordRow.ts=56
StorePlaneRecordRow.disposition=64
StorePlaneRecordRow._reserved=68
StorePlaneRecordRow.body=72
StorePlaneRecordRow.__size=96
StorePlaneRecordRow.__align=8
StoreUpsertPlaneRecordIn.head=0
StoreUpsertPlaneRecordIn.record=88
StoreUpsertPlaneRecordIn.__size=184
StoreUpsertPlaneRecordIn.__align=8
StoreAppendPlaneRecordIn.head=0
StoreAppendPlaneRecordIn.op_id=88
StoreAppendPlaneRecordIn.record=104
StoreAppendPlaneRecordIn.__size=200
StoreAppendPlaneRecordIn.__align=8
StoreGetPlaneRecordIn.head=0
StoreGetPlaneRecordIn.kind=88
StoreGetPlaneRecordIn.id=104
StoreGetPlaneRecordIn.body=120
StoreGetPlaneRecordIn.__size=136
StoreGetPlaneRecordIn.__align=8
StoreListPlaneRecordsIn.head=0
StoreListPlaneRecordsIn.kind=88
StoreListPlaneRecordsIn.selector=104
StoreListPlaneRecordsIn._reserved=108
StoreListPlaneRecordsIn.parent=112
StoreListPlaneRecordsIn.out=128
StoreListPlaneRecordsIn.__size=160
StoreListPlaneRecordsIn.__align=8
StoreKindBeforeIn.head=0
StoreKindBeforeIn.kind=88
StoreKindBeforeIn.before=104
StoreKindBeforeIn.__size=112
StoreKindBeforeIn.__align=8
StoreTokenIn.head=0
StoreTokenIn.kind=88
StoreTokenIn.token=104
StoreTokenIn.expires_at=120
StoreTokenIn.now=128
StoreTokenIn.__size=136
StoreTokenIn.__align=8
StoreAppendBatchIn.head=0
StoreAppendBatchIn.op_id=88
StoreAppendBatchIn.stream=104
StoreAppendBatchIn.records=120
StoreAppendBatchIn.records_len=128
StoreAppendBatchIn.__size=136
StoreAppendBatchIn.__align=8
StoreHeadOut.head=0
StoreHeadOut.seq=96
StoreHeadOut.epoch=104
StoreHeadOut.__size=112
StoreHeadOut.__align=8
StoreStreamHead.stream=0
StoreStreamHead.seq=16
StoreStreamHead.epoch=24
StoreStreamHead.__size=32
StoreStreamHead.__align=8
StoreHeadsOut.head=0
StoreHeadsOut.items=96
StoreHeadsOut.items_len=104
StoreHeadsOut.__size=112
StoreHeadsOut.__align=8
StoreSessionPutIn.head=0
StoreSessionPutIn.session=88
StoreSessionPutIn.node=96
StoreSessionPutIn.principal=112
StoreSessionPutIn.__size=128
StoreSessionPutIn.__align=8
StoreSessionRow.session=0
StoreSessionRow.node=8
StoreSessionRow.__size=24
StoreSessionRow.__align=8
StoreHostSessions.items=0
StoreHostSessions.items_cap=8
StoreHostSessions.bytes=16
StoreHostSessions.__size=32
StoreHostSessions.__align=8
StoreSessionsForIn.head=0
StoreSessionsForIn.principal=88
StoreSessionsForIn.out=104
StoreSessionsForIn.__size=136
StoreSessionsForIn.__align=8
StoreRecordPutIn.head=0
StoreRecordPutIn.schema=88
StoreRecordPutIn.key=104
StoreRecordPutIn.value=128
StoreRecordPutIn.__size=152
StoreRecordPutIn.__align=8
StoreRecordGetIn.head=0
StoreRecordGetIn.schema=88
StoreRecordGetIn.key=104
StoreRecordGetIn.value=128
StoreRecordGetIn.__size=144
StoreRecordGetIn.__align=8
StoreRecordEntry.key=0
StoreRecordEntry.value=24
StoreRecordEntry.__size=48
StoreRecordEntry.__align=8
StoreHostRecords.items=0
StoreHostRecords.items_cap=8
StoreHostRecords.bytes=16
StoreHostRecords.__size=32
StoreHostRecords.__align=8
StoreRecordScanIn.head=0
StoreRecordScanIn.schema=88
StoreRecordScanIn.prefix=104
StoreRecordScanIn.limit=128
StoreRecordScanIn._reserved=132
StoreRecordScanIn.out=136
StoreRecordScanIn.__size=168
StoreRecordScanIn.__align=8
StoreOps.head=0
StoreOps.put_key=80
StoreOps.get_key=88
StoreOps.list_keys=96
StoreOps.delete_key=104
StoreOps.scrub_key=112
StoreOps.list_keys_since=120
StoreOps.get_usage=128
StoreOps.put_usage=136
StoreOps.add_usage=144
StoreOps.add_metering=152
StoreOps.list_metering=160
StoreOps.purge_windows_before=168
StoreOps.purge_metering_before=176
StoreOps.put_credential=184
StoreOps.put_key_with_credential=192
StoreOps.list_credentials=200
StoreOps.lookup_credential_secret=208
StoreOps.revoke_credential=216
StoreOps.list_credentials_since=224
StoreOps.append_audit=232
StoreOps.list_audit=240
StoreOps.add_denylist=248
StoreOps.list_denylist=256
StoreOps.list_audit_tail=264
StoreOps.upsert_plane_record=272
StoreOps.get_plane_record=280
StoreOps.append_plane_record=288
StoreOps.list_plane_records=296
StoreOps.list_plane_record_parents=304
StoreOps.purge_plane_records_before=312
StoreOps.delete_plane_record=320
StoreOps.redeem_plane_token=328
StoreOps.plane_token_live=336
StoreOps.append_batch=344
StoreOps.reserve=352
StoreOps.slice_release=360
StoreOps.heads=368
StoreOps.session_put=376
StoreOps.session_remove=384
StoreOps.sessions_for=392
StoreOps.record_put=400
StoreOps.record_get=408
StoreOps.record_scan=416
StoreOps.add_usage_batch=424
StoreOps.add_metering_batch=432
StoreOps.append_audit_batch=440
StoreOps.window_caps=448
StoreOps.__size=456
StoreOps.__align=8
AuthOps.head=0
AuthOps.verify=80
AuthOps.begin_login=88
AuthOps.complete_login=96
AuthOps.open_outbound=104
AuthOps.outbound_ready=112
AuthOps.fields=120
AuthOps.__size=128
AuthOps.__align=8
AuthStyleDecl.name=0
AuthStyleDecl.flags=16
AuthStyleDecl._reserved=20
AuthStyleDecl.__size=24
AuthStyleDecl.__align=8
AuthTail.head=0
AuthTail.caps=8
AuthTail.facts=12
AuthTail.login_kind=16
AuthTail._reserved=20
AuthTail.styles=24
AuthTail.styles_len=32
AuthTail.aliases=40
AuthTail.aliases_len=48
AuthTail.carriers=56
AuthTail.carriers_len=64
AuthTail.__size=72
AuthTail.__align=8
AuthSpan.off=0
AuthSpan.len=4
AuthSpan.__size=8
AuthSpan.__align=4
AuthNamedValue.name=0
AuthNamedValue.value=16
AuthNamedValue.__size=40
AuthNamedValue.__align=8
AuthRequestFacts.method=0
AuthRequestFacts.authority=16
AuthRequestFacts.canonical_path=32
AuthRequestFacts.query=48
AuthRequestFacts.timestamp=64
AuthRequestFacts.body_hash=72
AuthRequestFacts.body_hash_present=104
AuthRequestFacts._reserved=108
AuthRequestFacts.__size=112
AuthRequestFacts.__align=8
AuthIdentityBuf.buf=0
AuthIdentityBuf.buf_cap=8
AuthIdentityBuf.groups=16
AuthIdentityBuf.groups_cap=24
AuthIdentityBuf._reserved=28
AuthIdentityBuf.__size=32
AuthIdentityBuf.__align=8
AuthIdentityOut.subject=0
AuthIdentityOut.key_id=8
AuthIdentityOut.key_name=16
AuthIdentityOut.user=24
AuthIdentityOut.provider=32
AuthIdentityOut.name=40
AuthIdentityOut.claims=48
AuthIdentityOut.claims_fmt=56
AuthIdentityOut.flags=60
AuthIdentityOut.ttl_secs=64
AuthIdentityOut.groups_len=72
AuthIdentityOut._reserved=76
AuthIdentityOut.__size=80
AuthIdentityOut.__align=8
AuthVerifyIn.head=0
AuthVerifyIn.credential=88
AuthVerifyIn.carrier=112
AuthVerifyIn.carrier_len=120
AuthVerifyIn.request=128
AuthVerifyIn.out_buf=240
AuthVerifyIn.__size=272
AuthVerifyIn.__align=8
AuthIdentifyOut.head=0
AuthIdentifyOut.verdict=96
AuthIdentifyOut.needed_groups=100
AuthIdentifyOut.needed_bytes=104
AuthIdentifyOut.identity=112
AuthIdentifyOut.__size=192
AuthIdentifyOut.__align=8
AuthBeginLoginIn.head=0
AuthBeginLoginIn.redirect_uri=88
AuthBeginLoginIn.state=104
AuthBeginLoginIn.nonce=120
AuthBeginLoginIn.code_challenge=136
AuthBeginLoginIn.scopes=152
AuthBeginLoginIn.scopes_len=160
AuthBeginLoginIn.__size=168
AuthBeginLoginIn.__align=8
AuthLoginField.name=0
AuthLoginField.label=16
AuthLoginField.kind=32
AuthLoginField.required=36
AuthLoginField.__size=40
AuthLoginField.__align=8
AuthBeginLoginOut.head=0
AuthBeginLoginOut.shape=96
AuthBeginLoginOut._reserved=100
AuthBeginLoginOut.authorize_url=104
AuthBeginLoginOut.form=120
AuthBeginLoginOut.form_len=128
AuthBeginLoginOut.__size=136
AuthBeginLoginOut.__align=8
AuthCompleteLoginIn.head=0
AuthCompleteLoginIn.code=88
AuthCompleteLoginIn.state=112
AuthCompleteLoginIn.redirect_uri=128
AuthCompleteLoginIn.code_verifier=144
AuthCompleteLoginIn.submitted=168
AuthCompleteLoginIn.submitted_len=176
AuthCompleteLoginIn.out_buf=184
AuthCompleteLoginIn.__size=216
AuthCompleteLoginIn.__align=8
AuthOpenOutboundIn.head=0
AuthOpenOutboundIn.style=88
AuthOpenOutboundIn.credential=104
AuthOpenOutboundIn.settings=128
AuthOpenOutboundIn.__size=152
AuthOpenOutboundIn.__align=8
AuthOpenOutboundOut.head=0
AuthOpenOutboundOut.handle=96
AuthOpenOutboundOut.__size=104
AuthOpenOutboundOut.__align=8
AuthOutboundReadyIn.head=0
AuthOutboundReadyIn.handle=88
AuthOutboundReadyIn.__size=96
AuthOutboundReadyIn.__align=8
AuthOutboundReadyOut.head=0
AuthOutboundReadyOut.ready=96
AuthOutboundReadyOut._reserved=100
AuthOutboundReadyOut.__size=104
AuthOutboundReadyOut.__align=8
AuthFieldSpan.name=0
AuthFieldSpan.value=8
AuthFieldSpan.flags=16
AuthFieldSpan._reserved=20
AuthFieldSpan.__size=24
AuthFieldSpan.__align=4
AuthFieldsIn.head=0
AuthFieldsIn.handle=88
AuthFieldsIn.mode=96
AuthFieldsIn._reserved=100
AuthFieldsIn.request=104
AuthFieldsIn.caller_credential=216
AuthFieldsIn.field_buf=240
AuthFieldsIn.field_buf_cap=248
AuthFieldsIn.fields=256
AuthFieldsIn.fields_cap=264
AuthFieldsIn._reserved2=268
AuthFieldsIn.headers=272
AuthFieldsIn.headers_len=280
AuthFieldsIn.__size=288
AuthFieldsIn.__align=8
AuthFieldsOut.head=0
AuthFieldsOut.fields_len=96
AuthFieldsOut.needed_fields=100
AuthFieldsOut.needed_bytes=104
AuthFieldsOut.__size=112
AuthFieldsOut.__align=8
PlaneOps.head=0
PlaneOps.__size=136
PlaneOps.__align=8
TransportOps.head=0
TransportOps.__size=224
TransportOps.__align=8
tkind::Ops.head=0
tkind::Ops.listen=80
tkind::Ops.accept=88
tkind::Ops.dial=96
tkind::Ops.read=104
tkind::Ops.write=112
tkind::Ops.flush=120
tkind::Ops.shut=128
tkind::Ops.arrival=136
tkind::Ops.locate=144
tkind::Ops.begin=152
tkind::Ops.ingest=160
tkind::Ops.emit=168
tkind::Ops.encode=176
tkind::Ops.refuse=184
tkind::Ops.finish=192
tkind::Ops.detach=200
tkind::Ops.adopt=208
tkind::Ops.timer=216
tkind::Ops.__size=224
tkind::Ops.__align=8
tkind::Claim.key=0
tkind::Claim.selector_forms=16
tkind::Claim.egress_selector_forms=32
tkind::Claim.facts=48
tkind::Claim.facts_len=56
tkind::Claim.status_namespace=64
tkind::Claim.session=80
tkind::Claim.session_bound=81
tkind::Claim.unit0_trigger=82
tkind::Claim.status_at=83
tkind::Claim._reserved=84
tkind::Claim.__size=88
tkind::Claim.__align=8
tkind::StatusRow.claim=0
tkind::StatusRow.lo=4
tkind::StatusRow.hi=8
tkind::StatusRow.class=12
tkind::StatusRow.__size=16
tkind::StatusRow.__align=4
tkind::SettingDecl.path=0
tkind::SettingDecl.kind=16
tkind::SettingDecl._reserved=20
tkind::SettingDecl.default=24
tkind::SettingDecl.__size=40
tkind::SettingDecl.__align=8
tkind::TransportTail.head=0
tkind::TransportTail.role=8
tkind::TransportTail.framing=12
tkind::TransportTail.facts=16
tkind::TransportTail.handshake_max_steps=20
tkind::TransportTail.composes_over=24
tkind::TransportTail.composes_over_len=32
tkind::TransportTail.claims=40
tkind::TransportTail.claims_len=48
tkind::TransportTail.upgrades_to=56
tkind::TransportTail.upgrades_to_len=64
tkind::TransportTail.handoff_from=72
tkind::TransportTail.handoff_to=88
tkind::TransportTail.handoff_binding_fact=104
tkind::TransportTail.handshake_frame_kind=120
tkind::TransportTail.status_rows=136
tkind::TransportTail.status_rows_len=144
tkind::TransportTail.settings=152
tkind::TransportTail.settings_len=160
tkind::TransportTail.__size=168
tkind::TransportTail.__align=8
tkind::Field.name=0
tkind::Field.value=16
tkind::Field.__size=32
tkind::Field.__align=8
tkind::Destination.kind=0
tkind::Destination._reserved=4
tkind::Destination.authority=8
tkind::Destination.program=24
tkind::Destination.args=40
tkind::Destination.args_len=48
tkind::Destination.env=56
tkind::Destination.env_len=64
tkind::Destination.__size=72
tkind::Destination.__align=8
tkind::ConnFacts.size=0
tkind::ConnFacts._reserved=4
tkind::ConnFacts.offered_name=8
tkind::ConnFacts.agreed_protocol=24
tkind::ConnFacts.peer_subject=40
tkind::ConnFacts.peer_issuer=56
tkind::ConnFacts.peer_fingerprint=72
tkind::ConnFacts.claim=88
tkind::ConnFacts.__size=104
tkind::ConnFacts.__align=8
tkind::FramePiece.stream=0
tkind::FramePiece.offset=8
tkind::FramePiece.len=16
tkind::FramePiece.status_code=24
tkind::FramePiece.status_class=28
tkind::FramePiece.flags=29
tkind::FramePiece._reserved=30
tkind::FramePiece.retry_after_secs=32
tkind::FramePiece.__size=40
tkind::FramePiece.__align=8
tkind::FramerSink.wire=0
tkind::FramerSink.wire_cap=8
tkind::FramerSink.frame=16
tkind::FramerSink.frame_cap=24
tkind::FramerSink.pieces=32
tkind::FramerSink.pieces_cap=40
tkind::FramerSink.now_monotonic_ns=48
tkind::FramerSink.now_unix_ns=56
tkind::FramerSink.__size=64
tkind::FramerSink.__align=8
tkind::FramerYield.wire_len=0
tkind::FramerYield.frame_len=8
tkind::FramerYield.pieces_len=16
tkind::FramerYield.flags=20
tkind::FramerYield.next_deadline_ns=24
tkind::FramerYield.__size=32
tkind::FramerYield.__align=8
tkind::ListenIn.head=0
tkind::ListenIn.bind=88
tkind::ListenIn.addr_buf=104
tkind::ListenIn.addr_cap=112
tkind::ListenIn.__size=120
tkind::ListenIn.__align=8
tkind::ListenOut.head=0
tkind::ListenOut.listener=96
tkind::ListenOut.addr_written=104
tkind::ListenOut.__size=112
tkind::ListenOut.__align=8
tkind::AcceptIn.head=0
tkind::AcceptIn.listener=88
tkind::AcceptIn.peer_buf=96
tkind::AcceptIn.peer_cap=104
tkind::AcceptIn.__size=112
tkind::AcceptIn.__align=8
tkind::AcceptOut.head=0
tkind::AcceptOut.conn=96
tkind::AcceptOut.peer_written=104
tkind::AcceptOut.__size=112
tkind::AcceptOut.__align=8
tkind::DialIn.head=0
tkind::DialIn.dest=88
tkind::DialIn.__size=96
tkind::DialIn.__align=8
tkind::ConnOut.head=0
tkind::ConnOut.conn=96
tkind::ConnOut.__size=104
tkind::ConnOut.__align=8
tkind::ReadIn.head=0
tkind::ReadIn.conn=88
tkind::ReadIn.buf=96
tkind::ReadIn.cap=104
tkind::ReadIn.__size=112
tkind::ReadIn.__align=8
tkind::WriteIn.head=0
tkind::WriteIn.conn=88
tkind::WriteIn.bytes=96
tkind::WriteIn.len=104
tkind::WriteIn.__size=112
tkind::WriteIn.__align=8
tkind::IoOut.head=0
tkind::IoOut.len=96
tkind::IoOut.__size=104
tkind::IoOut.__align=8
tkind::ConnIn.head=0
tkind::ConnIn.conn=88
tkind::ConnIn.__size=96
tkind::ConnIn.__align=8
tkind::ShutIn.head=0
tkind::ShutIn.conn=88
tkind::ShutIn.reason=96
tkind::ShutIn._reserved=100
tkind::ShutIn.__size=104
tkind::ShutIn.__align=8
tkind::ArrivalIn.head=0
tkind::ArrivalIn.conn=88
tkind::ArrivalIn.peer_buf=96
tkind::ArrivalIn.peer_cap=104
tkind::ArrivalIn.__size=112
tkind::ArrivalIn.__align=8
tkind::ArrivalOut.head=0
tkind::ArrivalOut.peer_written=96
tkind::ArrivalOut.peer_needed=104
tkind::ArrivalOut.local_port=112
tkind::ArrivalOut._reserved=116
tkind::ArrivalOut.__size=120
tkind::ArrivalOut.__align=8
tkind::LocateIn.head=0
tkind::LocateIn.target=88
tkind::LocateIn.authority_buf=104
tkind::LocateIn.authority_cap=112
tkind::LocateIn.name_buf=120
tkind::LocateIn.name_cap=128
tkind::LocateIn.alpn_buf=136
tkind::LocateIn.alpn_cap=144
tkind::LocateIn.__size=152
tkind::LocateIn.__align=8
tkind::LocateOut.head=0
tkind::LocateOut.authority_written=96
tkind::LocateOut.authority_needed=104
tkind::LocateOut.name_written=112
tkind::LocateOut.name_needed=120
tkind::LocateOut.secure=128
tkind::LocateOut.has_name=132
tkind::LocateOut.alpn_written=136
tkind::LocateOut.alpn_needed=144
tkind::LocateOut.__size=152
tkind::LocateOut.__align=8
tkind::FramerOut.head=0
tkind::FramerOut.yielded=96
tkind::FramerOut.framing=128
tkind::FramerOut.__size=136
tkind::FramerOut.__align=8
tkind::BeginIn.head=0
tkind::BeginIn.side=88
tkind::BeginIn._reserved=92
tkind::BeginIn.target=96
tkind::BeginIn.facts=112
tkind::BeginIn.sink=120
tkind::BeginIn.__size=184
tkind::BeginIn.__align=8
tkind::IngestIn.head=0
tkind::IngestIn.framing=88
tkind::IngestIn.bytes=96
tkind::IngestIn.len=104
tkind::IngestIn.end=112
tkind::IngestIn._reserved=116
tkind::IngestIn.sink=120
tkind::IngestIn.__size=184
tkind::IngestIn.__align=8
tkind::EmitIn.head=0
tkind::EmitIn.framing=88
tkind::EmitIn.stream=96
tkind::EmitIn.bytes=104
tkind::EmitIn.len=112
tkind::EmitIn.end_of_frame=120
tkind::EmitIn._reserved=124
tkind::EmitIn.sink=128
tkind::EmitIn.deadline_ns=192
tkind::EmitIn.__size=200
tkind::EmitIn.__align=8
tkind::EncodeIn.head=0
tkind::EncodeIn.fields=88
tkind::EncodeIn.fields_len=96
tkind::EncodeIn.body=104
tkind::EncodeIn.body_len=112
tkind::EncodeIn.sink=120
tkind::EncodeIn.__size=184
tkind::EncodeIn.__align=8
tkind::RefuseIn.head=0
tkind::RefuseIn.framing=88
tkind::RefuseIn.stream=96
tkind::RefuseIn.has_stream=104
tkind::RefuseIn._reserved=108
tkind::RefuseIn.bytes=112
tkind::RefuseIn.len=120
tkind::RefuseIn.sink=128
tkind::RefuseIn.__size=192
tkind::RefuseIn.__align=8
tkind::FinishIn.head=0
tkind::FinishIn.framing=88
tkind::FinishIn.reason=96
tkind::FinishIn._reserved=100
tkind::FinishIn.sink=104
tkind::FinishIn.__size=168
tkind::FinishIn.__align=8
tkind::FramingIn.head=0
tkind::FramingIn.framing=88
tkind::FramingIn.sink=96
tkind::FramingIn.__size=160
tkind::FramingIn.__align=8
tkind::AdoptIn.head=0
tkind::AdoptIn.side=88
tkind::AdoptIn._reserved=92
tkind::AdoptIn.facts=96
tkind::AdoptIn.leftover=104
tkind::AdoptIn.leftover_len=112
tkind::AdoptIn.sink=120
tkind::AdoptIn.__size=184
tkind::AdoptIn.__align=8
pkind::Ops.head=0
pkind::Ops.arrive=80
pkind::Ops.on_piece=88
pkind::Ops.refusal=96
pkind::Ops.serve=104
pkind::Ops.hydrate=112
pkind::Ops.start=120
pkind::Ops.project=128
pkind::Ops.__size=136
pkind::Ops.__align=8
pkind::Section.name=0
pkind::Section.flags=16
pkind::Section._reserved=20
pkind::Section.__size=24
pkind::Section.__align=8
pkind::DialectAuth.dialect=0
pkind::DialectAuth._reserved=4
pkind::DialectAuth.style=8
pkind::DialectAuth.__size=24
pkind::DialectAuth.__align=8
pkind::OpClass.op=0
pkind::OpClass.name=16
pkind::OpClass.__size=32
pkind::OpClass.__align=8
pkind::BillableClass.class=0
pkind::BillableClass.family=16
pkind::BillableClass.__size=32
pkind::BillableClass.__align=8
pkind::RouteCost.class=0
pkind::RouteCost._reserved=4
pkind::RouteCost.weight=8
pkind::RouteCost.__size=16
pkind::RouteCost.__align=8
pkind::RecordChain.kind=0
pkind::RecordChain.framing=4
pkind::RecordChain.flags=8
pkind::RecordChain._reserved=12
pkind::RecordChain.__size=16
pkind::RecordChain.__align=4
pkind::PinMechanism.token=0
pkind::PinMechanism.flags=16
pkind::PinMechanism._reserved=20
pkind::PinMechanism.__size=24
pkind::PinMechanism.__align=8
pkind::TrustKey.key=0
pkind::TrustKey.role=16
pkind::TrustKey.flags=20
pkind::TrustKey.default=24
pkind::TrustKey.mechanisms=40
pkind::TrustKey.mechanisms_len=48
pkind::TrustKey.__size=56
pkind::TrustKey.__align=8
pkind::PlaneTail.head=0
pkind::PlaneTail.flags=8
pkind::PlaneTail.ingress=12
pkind::PlaneTail.dispatch_shape=16
pkind::PlaneTail._reserved=20
pkind::PlaneTail.scope=24
pkind::PlaneTail.label=40
pkind::PlaneTail.subject_noun=56
pkind::PlaneTail.admin_noun=72
pkind::PlaneTail.audit_kind=88
pkind::PlaneTail.signing_domain=104
pkind::PlaneTail.signing_kid_prefix=120
pkind::PlaneTail.cli_help=136
pkind::PlaneTail.sections=152
pkind::PlaneTail.sections_len=160
pkind::PlaneTail.dialects=168
pkind::PlaneTail.dialects_len=176
pkind::PlaneTail.dialect_auth=184
pkind::PlaneTail.dialect_auth_len=192
pkind::PlaneTail.scope_kinds=200
pkind::PlaneTail.scope_kinds_len=208
pkind::PlaneTail.op_classes=216
pkind::PlaneTail.op_classes_len=224
pkind::PlaneTail.billable_classes=232
pkind::PlaneTail.billable_classes_len=240
pkind::PlaneTail.route_cost=248
pkind::PlaneTail.route_cost_len=256
pkind::PlaneTail.fee_units=264
pkind::PlaneTail.fee_units_len=272
pkind::PlaneTail.record_kinds=280
pkind::PlaneTail.record_kinds_len=288
pkind::PlaneTail.needs=296
pkind::PlaneTail.needs_len=304
pkind::PlaneTail.egress_targets=312
pkind::PlaneTail.egress_targets_len=320
pkind::PlaneTail.record_chains=328
pkind::PlaneTail.record_chains_len=336
pkind::PlaneTail.trust_keys=344
pkind::PlaneTail.trust_keys_len=352
pkind::PlaneTail.__size=360
pkind::PlaneTail.__align=8
pkind::Claim.verb=0
pkind::Claim.target=16
pkind::Claim.carrier=32
pkind::Claim.flags=48
pkind::Claim._reserved=52
pkind::Claim.__size=56
pkind::Claim.__align=8
pkind::AdminRoute.verb=0
pkind::AdminRoute.target=16
pkind::AdminRoute.flags=32
pkind::AdminRoute._reserved=36
pkind::AdminRoute.__size=40
pkind::AdminRoute.__align=8
pkind::PlaneSnapshot.size=0
pkind::PlaneSnapshot._reserved=4
pkind::PlaneSnapshot.generation=8
pkind::PlaneSnapshot.claims=16
pkind::PlaneSnapshot.claims_len=24
pkind::PlaneSnapshot.admin_routes=32
pkind::PlaneSnapshot.admin_routes_len=40
pkind::PlaneSnapshot.openapi=48
pkind::PlaneSnapshot.audience=72
pkind::PlaneSnapshot.resource_metadata=88
pkind::PlaneSnapshot.__size=104
pkind::PlaneSnapshot.__align=8
pkind::PlaneOpenIn.open=0
pkind::PlaneOpenIn.public_url=144
pkind::PlaneOpenIn.__size=160
pkind::PlaneOpenIn.__align=8
pkind::PlaneOpenOut.open=0
pkind::PlaneOpenOut.snapshot=104
pkind::PlaneOpenOut.__size=112
pkind::PlaneOpenOut.__align=8
pkind::PlaneRefreshOut.head=0
pkind::PlaneRefreshOut.snapshot=96
pkind::PlaneRefreshOut.__size=104
pkind::PlaneRefreshOut.__align=8
pkind::Field.name=0
pkind::Field.value=16
pkind::Field.__size=32
pkind::Field.__align=8
pkind::UnitCount.class=0
pkind::UnitCount.source=4
pkind::UnitCount.amount=8
pkind::UnitCount.__size=16
pkind::UnitCount.__align=8
pkind::Span.offset=0
pkind::Span.len=4
pkind::Span.__size=8
pkind::Span.__align=4
pkind::OutField.name=0
pkind::OutField.value=8
pkind::OutField.__size=16
pkind::OutField.__align=4
pkind::RecordWrite.kind=0
pkind::RecordWrite.op=4
pkind::RecordWrite.key=8
pkind::RecordWrite.value=16
pkind::RecordWrite.__size=24
pkind::RecordWrite.__align=4
pkind::ArriveIn.head=0
pkind::ArriveIn.unit=88
pkind::ArriveIn.claim=96
pkind::ArriveIn._reserved=100
pkind::ArriveIn.target=104
pkind::ArriveIn.fields=120
pkind::ArriveIn.fields_len=128
pkind::ArriveIn.body=136
pkind::ArriveIn.units_buf=160
pkind::ArriveIn.units_cap=168
pkind::ArriveIn.__size=176
pkind::ArriveIn.__align=8
pkind::ArriveOut.head=0
pkind::ArriveOut.op_class=96
pkind::ArriveOut.principal_need=100
pkind::ArriveOut.dialect=104
pkind::ArriveOut.units_written=108
pkind::ArriveOut.units_needed=112
pkind::ArriveOut._reserved=116
pkind::ArriveOut.__size=120
pkind::ArriveOut.__align=8
pkind::OnPieceIn.head=0
pkind::OnPieceIn.unit=88
pkind::OnPieceIn.from=96
pkind::OnPieceIn.flags=100
pkind::OnPieceIn.stream=104
pkind::OnPieceIn.bytes=112
pkind::OnPieceIn.status_code=136
pkind::OnPieceIn.status_class=140
pkind::OnPieceIn.reply_buf=144
pkind::OnPieceIn.reply_cap=152
pkind::OnPieceIn.units_buf=160
pkind::OnPieceIn.units_cap=168
pkind::OnPieceIn.records_buf=176
pkind::OnPieceIn.records_cap=184
pkind::OnPieceIn.fields_buf=192
pkind::OnPieceIn.fields_cap=200
pkind::OnPieceIn.arena_buf=208
pkind::OnPieceIn.arena_cap=216
pkind::OnPieceIn.member=224
pkind::OnPieceIn.attempt_no=240
pkind::OnPieceIn._reserved=244
pkind::OnPieceIn.__size=248
pkind::OnPieceIn.__align=8
pkind::OnPieceOut.head=0
pkind::OnPieceOut.emitted=96
pkind::OnPieceOut.more=104
pkind::OnPieceOut.flags=108
pkind::OnPieceOut.reply_status=112
pkind::OnPieceOut.fields_written=116
pkind::OnPieceOut.fields_needed=120
pkind::OnPieceOut.units_written=124
pkind::OnPieceOut.units_needed=128
pkind::OnPieceOut.records_written=132
pkind::OnPieceOut.records_needed=136
pkind::OnPieceOut.verdict=140
pkind::OnPieceOut.arena_written=144
pkind::OnPieceOut.arena_needed=152
pkind::OnPieceOut.verb=160
pkind::OnPieceOut.target=168
pkind::OnPieceOut.__size=176
pkind::OnPieceOut.__align=8
pkind::RefusalIn.head=0
pkind::RefusalIn.cause=88
pkind::RefusalIn.status=92
pkind::RefusalIn.dialect=96
pkind::RefusalIn._reserved=100
pkind::RefusalIn.text=104
pkind::RefusalIn.reply_buf=120
pkind::RefusalIn.reply_cap=128
pkind::RefusalIn.fields_buf=136
pkind::RefusalIn.fields_cap=144
pkind::RefusalIn.arena_buf=152
pkind::RefusalIn.arena_cap=160
pkind::RefusalIn.__size=168
pkind::RefusalIn.__align=8
pkind::RefusalOut.head=0
pkind::RefusalOut.reply_written=96
pkind::RefusalOut.reply_needed=104
pkind::RefusalOut.arena_written=112
pkind::RefusalOut.arena_needed=120
pkind::RefusalOut.marker=128
pkind::RefusalOut.fields_written=132
pkind::RefusalOut.fields_needed=136
pkind::RefusalOut._reserved=140
pkind::RefusalOut.__size=144
pkind::RefusalOut.__align=8
pkind::ServeIn.head=0
pkind::ServeIn.route=88
pkind::ServeIn._reserved=92
pkind::ServeIn.target=96
pkind::ServeIn.fields=112
pkind::ServeIn.fields_len=120
pkind::ServeIn.body=128
pkind::ServeIn.reply_buf=152
pkind::ServeIn.reply_cap=160
pkind::ServeIn.fields_buf=168
pkind::ServeIn.fields_cap=176
pkind::ServeIn.arena_buf=184
pkind::ServeIn.arena_cap=192
pkind::ServeIn.__size=200
pkind::ServeIn.__align=8
pkind::ServeOut.head=0
pkind::ServeOut.reply_written=96
pkind::ServeOut.reply_needed=104
pkind::ServeOut.arena_written=112
pkind::ServeOut.arena_needed=120
pkind::ServeOut.status=128
pkind::ServeOut.fields_written=132
pkind::ServeOut.fields_needed=136
pkind::ServeOut._reserved=140
pkind::ServeOut.__size=144
pkind::ServeOut.__align=8
pkind::PlaneDriveIn.drive=0
pkind::PlaneDriveIn.sessions_buf=96
pkind::PlaneDriveIn.sessions_cap=104
pkind::PlaneDriveIn.__size=112
pkind::PlaneDriveIn.__align=8
pkind::PlaneDriveOut.head=0
pkind::PlaneDriveOut.sessions_written=96
pkind::PlaneDriveOut.sessions_needed=100
pkind::PlaneDriveOut.__size=104
pkind::PlaneDriveOut.__align=8
pkind::ProjectIn.head=0
pkind::ProjectIn.claim=88
pkind::ProjectIn._reserved=92
pkind::ProjectIn.target=96
pkind::ProjectIn.fields=112
pkind::ProjectIn.fields_len=120
pkind::ProjectIn.body=128
pkind::ProjectIn.signals_buf=152
pkind::ProjectIn.signals_cap=160
pkind::ProjectIn.arena_buf=168
pkind::ProjectIn.arena_cap=176
pkind::ProjectIn.__size=184
pkind::ProjectIn.__align=8
pkind::ProjectOut.head=0
pkind::ProjectOut.view=96
pkind::ProjectOut.body=176
pkind::ProjectOut.signals_needed=184
pkind::ProjectOut._reserved=188
pkind::ProjectOut.arena_written=192
pkind::ProjectOut.arena_needed=200
pkind::ProjectOut.__size=208
pkind::ProjectOut.__align=8
hconn::Need.direction=0
hconn::Need.egress_class=4
hconn::Need.transport=8
hconn::Need.auth=24
hconn::Need.target_from=40
hconn::Need.trust_from=56
hconn::Need.details=72
hconn::Need.__size=96
hconn::Need.__align=8
hconn::EstablishIn.head=0
hconn::EstablishIn.need=24
hconn::EstablishIn._reserved=28
hconn::EstablishIn.target=32
hconn::EstablishIn.__size=48
hconn::EstablishIn.__align=8
hconn::StreamIn.head=0
hconn::StreamIn.stream=24
hconn::StreamIn.__size=32
hconn::StreamIn.__align=8
hconn::IoIn.head=0
hconn::IoIn.stream=24
hconn::IoIn.buf=32
hconn::IoIn.len=40
hconn::IoIn.__size=48
hconn::IoIn.__align=8
hconn::UpgradeIn.head=0
hconn::UpgradeIn.stream=24
hconn::UpgradeIn.offered_name=32
hconn::UpgradeIn.trust=48
hconn::UpgradeIn.__size=64
hconn::UpgradeIn.__align=8
hconn::FactsIn.head=0
hconn::FactsIn.stream=24
hconn::FactsIn.facts=32
hconn::FactsIn.__size=40
hconn::FactsIn.__align=8
hconn::StreamFacts.size=0
hconn::StreamFacts.secure=4
hconn::StreamFacts.endpoint=8
hconn::StreamFacts.agreed_protocol=24
hconn::StreamFacts.peer_cert_hash=40
hconn::StreamFacts.__size=56
hconn::StreamFacts.__align=8
hconn::CheckoutIn.head=0
hconn::CheckoutIn.need=24
hconn::CheckoutIn._reserved=28
hconn::CheckoutIn.__size=32
hconn::CheckoutIn.__align=4
hconn::CheckinIn.head=0
hconn::CheckinIn.stream=24
hconn::CheckinIn.disposition=32
hconn::CheckinIn._reserved=36
hconn::CheckinIn.__size=40
hconn::CheckinIn.__align=8
hconn::RandomIn.head=0
hconn::RandomIn.buf=24
hconn::RandomIn.len=32
hconn::RandomIn.__size=40
hconn::RandomIn.__align=8
hconn::ProcessIdentity.size=0
hconn::ProcessIdentity._reserved=4
hconn::ProcessIdentity.pid=8
hconn::ProcessIdentity.os_user=16
hconn::ProcessIdentity.program=32
hconn::ProcessIdentity.__size=48
hconn::ProcessIdentity.__align=8
hconn::IdentityIn.head=0
hconn::IdentityIn.identity=24
hconn::IdentityIn.__size=32
hconn::IdentityIn.__align=8
hconn::ConnectorSlots.size=0
hconn::ConnectorSlots.slots=4
hconn::ConnectorSlots.establish=8
hconn::ConnectorSlots.reject_endpoint=16
hconn::ConnectorSlots.side_stream=24
hconn::ConnectorSlots.read=32
hconn::ConnectorSlots.write=40
hconn::ConnectorSlots.upgrade_secure=48
hconn::ConnectorSlots.facts=56
hconn::ConnectorSlots.checkout=64
hconn::ConnectorSlots.checkin=72
hconn::ConnectorSlots.close=80
hconn::ConnectorSlots.random=88
hconn::ConnectorSlots.identity=96
hconn::ConnectorSlots.__size=104
hconn::ConnectorSlots.__align=8
hsvc::ServiceHead.size=0
hsvc::ServiceHead.op=4
hsvc::ServiceHead.handle=8
hsvc::ServiceHead.__size=24
hsvc::ServiceHead.__align=4
hsvc::ServiceOut.size=0
hsvc::ServiceOut.outcome=4
hsvc::ServiceOut._reserved=5
hsvc::ServiceOut.value=8
hsvc::ServiceOut.len=16
hsvc::ServiceOut.items=24
hsvc::ServiceOut.needed_bytes=32
hsvc::ServiceOut.needed_items=40
hsvc::ServiceOut.error=48
hsvc::ServiceOut.__size=64
hsvc::ServiceOut.__align=8
hsvc::ItemSpan.key_off=0
hsvc::ItemSpan.key_len=4
hsvc::ItemSpan.value_off=8
hsvc::ItemSpan.value_len=12
hsvc::ItemSpan.__size=16
hsvc::ItemSpan.__align=4
hsvc::ServiceBufs.buf=0
hsvc::ServiceBufs.cap=8
hsvc::ServiceBufs.spans=16
hsvc::ServiceBufs.spans_cap=24
hsvc::ServiceBufs.__size=32
hsvc::ServiceBufs.__align=8
hsvc::ClockReading.size=0
hsvc::ClockReading._reserved=4
hsvc::ClockReading.wall_ns=8
hsvc::ClockReading.mono_ns=16
hsvc::ClockReading.__size=24
hsvc::ClockReading.__align=8
hsvc::ClockNowIn.head=0
hsvc::ClockNowIn.reading=24
hsvc::ClockNowIn.__size=32
hsvc::ClockNowIn.__align=8
hsvc::RecordsGetIn.head=0
hsvc::RecordsGetIn.kind=24
hsvc::RecordsGetIn.key=40
hsvc::RecordsGetIn.into=56
hsvc::RecordsGetIn.__size=88
hsvc::RecordsGetIn.__align=8
hsvc::RecordsListIn.head=0
hsvc::RecordsListIn.kind=24
hsvc::RecordsListIn.prefix=40
hsvc::RecordsListIn.after=56
hsvc::RecordsListIn.limit=72
hsvc::RecordsListIn._reserved=76
hsvc::RecordsListIn.into=80
hsvc::RecordsListIn.__size=112
hsvc::RecordsListIn.__align=8
hsvc::RecordsClaimIn.head=0
hsvc::RecordsClaimIn.kind=24
hsvc::RecordsClaimIn.key=40
hsvc::RecordsClaimIn.ttl_ms=56
hsvc::RecordsClaimIn.__size=64
hsvc::RecordsClaimIn.__align=8
hsvc::DestJudgeIn.head=0
hsvc::DestJudgeIn.dest=24
hsvc::DestJudgeIn.egress_class=40
hsvc::DestJudgeIn.flags=44
hsvc::DestJudgeIn.__size=48
hsvc::DestJudgeIn.__align=8
hsvc::SignIn.head=0
hsvc::SignIn.data=24
hsvc::SignIn.into=48
hsvc::SignIn.__size=80
hsvc::SignIn.__align=8
hsvc::UnitNestIn.head=0
hsvc::UnitNestIn.verb=24
hsvc::UnitNestIn.target=40
hsvc::UnitNestIn.body=56
hsvc::UnitNestIn.into=80
hsvc::UnitNestIn.__size=112
hsvc::UnitNestIn.__align=8
hsvc::WorkOpenIn.head=0
hsvc::WorkOpenIn.kind=24
hsvc::WorkOpenIn.record=40
hsvc::WorkOpenIn.__size=64
hsvc::WorkOpenIn.__align=8
hsvc::WorkFindIn.head=0
hsvc::WorkFindIn.reference=24
hsvc::WorkFindIn.into=40
hsvc::WorkFindIn.__size=72
hsvc::WorkFindIn.__align=8
hsvc::WorkSettleIn.head=0
hsvc::WorkSettleIn.handle=24
hsvc::WorkSettleIn.record=32
hsvc::WorkSettleIn.__size=56
hsvc::WorkSettleIn.__align=8
hsvc::WorkResumeIn.head=0
hsvc::WorkResumeIn.handle=24
hsvc::WorkResumeIn.into=32
hsvc::WorkResumeIn.__size=64
hsvc::WorkResumeIn.__align=8
hsvc::TrustSightIn.head=0
hsvc::TrustSightIn.counterparty=24
hsvc::TrustSightIn.catalogue_hash=40
hsvc::TrustSightIn.__size=56
hsvc::TrustSightIn.__align=8
hsvc::TrustDueIn.head=0
hsvc::TrustDueIn.into=24
hsvc::TrustDueIn.__size=56
hsvc::TrustDueIn.__align=8
hsvc::VerifyLookupIn.head=0
hsvc::VerifyLookupIn.key=24
hsvc::VerifyLookupIn.into=40
hsvc::VerifyLookupIn.__size=72
hsvc::VerifyLookupIn.__align=8
hsvc::VerifyStoreIn.head=0
hsvc::VerifyStoreIn.key=24
hsvc::VerifyStoreIn.entry=40
hsvc::VerifyStoreIn.ttl_ms=64
hsvc::VerifyStoreIn.__size=72
hsvc::VerifyStoreIn.__align=8
hsvc::EntitlementCheckIn.head=0
hsvc::EntitlementCheckIn.target=24
hsvc::EntitlementCheckIn.__size=40
hsvc::EntitlementCheckIn.__align=8
hsvc::ContentScanIn.head=0
hsvc::ContentScanIn.content=24
hsvc::ContentScanIn.into=48
hsvc::ContentScanIn.__size=80
hsvc::ContentScanIn.__align=8
hsvc::HookCallIn.head=0
hsvc::HookCallIn.stage=24
hsvc::HookCallIn._reserved=28
hsvc::HookCallIn.view=32
hsvc::HookCallIn.into=40
hsvc::HookCallIn.__size=72
hsvc::HookCallIn.__align=8
hsvc::RandomFillIn.head=0
hsvc::RandomFillIn.len=24
hsvc::RandomFillIn.into=32
hsvc::RandomFillIn.__size=64
hsvc::RandomFillIn.__align=8
hsvc::HostSlots.size=0
hsvc::HostSlots.slots=4
hsvc::HostSlots.clock_now=8
hsvc::HostSlots.records_get=16
hsvc::HostSlots.records_list=24
hsvc::HostSlots.records_claim=32
hsvc::HostSlots.dest_judge=40
hsvc::HostSlots.sign=48
hsvc::HostSlots.unit_nest=56
hsvc::HostSlots.work_open=64
hsvc::HostSlots.work_find=72
hsvc::HostSlots.work_settle=80
hsvc::HostSlots.work_resume=88
hsvc::HostSlots.trust_sight=96
hsvc::HostSlots.trust_due=104
hsvc::HostSlots.verify_lookup=112
hsvc::HostSlots.verify_store=120
hsvc::HostSlots.entitlement_check=128
hsvc::HostSlots.content_scan=136
hsvc::HostSlots.hook_call=144
hsvc::HostSlots.random_fill=152
hsvc::HostSlots.__size=160
hsvc::HostSlots.__align=8
SecretOps.head=0
SecretOps.resolve=80
SecretOps.__size=88
SecretOps.__align=8
SecretResolveIn.head=0
SecretResolveIn.settings=88
SecretResolveIn.__size=112
SecretResolveIn.__align=8
SecretResolveOut.head=0
SecretResolveOut.secret=96
SecretResolveOut.error_kind=120
SecretResolveOut._reserved=124
SecretResolveOut.__size=128
SecretResolveOut.__align=8
HookOps.head=0
HookOps.decide=80
HookOps.transform=88
HookOps.notify=96
HookOps.configure=104
HookOps.status=112
HookOps.describe=120
HookOps.serve=128
HookOps.__size=136
HookOps.__align=8
HookSignalValue.__size=16
HookSignalValue.__align=8
HookSignalEntry.id=0
HookSignalEntry.tag=4
HookSignalEntry.value=8
HookSignalEntry.__size=24
HookSignalEntry.__align=8
HookRequestView.request_id=0
HookRequestView.pool=8
HookRequestView.ingress_dialect=24
HookRequestView.message_count=40
HookRequestView.total_chars=48
HookRequestView.max_tokens=56
HookRequestView.flags=60
HookRequestView.signals=64
HookRequestView.signals_len=72
HookRequestView.__size=80
HookRequestView.__align=8
HookCandidateStatic.idx=0
HookCandidateStatic._reserved=4
HookCandidateStatic.model=8
HookCandidateStatic.provider=24
HookCandidateStatic.weight=40
HookCandidateStatic._reserved3=44
HookCandidateStatic.context_max=48
HookCandidateStatic.tier=56
HookCandidateStatic.cost_per_mtok=72
HookCandidateStatic.tags=80
HookCandidateStatic.tags_len=88
HookCandidateStatic.present=96
HookCandidateStatic._reserved2=100
HookCandidateStatic.__size=104
HookCandidateStatic.__align=8
HookCandidateDynamic.latency_ms=0
HookCandidateDynamic.available_concurrency=8
HookCandidateDynamic.budget_remaining=16
HookCandidateDynamic.rate_headroom=24
HookCandidateDynamic.signals=32
HookCandidateDynamic.signals_len=40
HookCandidateDynamic.present=48
HookCandidateDynamic._reserved=52
HookCandidateDynamic.__size=56
HookCandidateDynamic.__align=8
HookPromptView.system=0
HookPromptView.message_count=16
HookPromptView.body=24
HookPromptView.__size=48
HookPromptView.__align=8
HookUserView.key_id=0
HookUserView.key_name=16
HookUserView.user=32
HookUserView.__size=48
HookUserView.__align=8
HookBudgetBucketState.bucket_id=0
HookBudgetBucketState.budget_group=16
HookBudgetBucketState.pool=32
HookBudgetBucketState.spend_micros_at_current_rate=48
HookBudgetBucketState.remaining_micros=56
HookBudgetBucketState.window_start=64
HookBudgetBucketState.budget_period=72
HookBudgetBucketState.present=88
HookBudgetBucketState._reserved=92
HookBudgetBucketState.__size=96
HookBudgetBucketState.__align=8
HookDecideIn.head=0
HookDecideIn.request=88
HookDecideIn.candidates=168
HookDecideIn.candidate_dynamics=176
HookDecideIn.candidates_len=184
HookDecideIn.prompt=192
HookDecideIn.user=240
HookDecideIn.budget_remaining=288
HookDecideIn.budget=296
HookDecideIn.budget_len=304
HookDecideIn.present=312
HookDecideIn._reserved=316
HookDecideIn.order_buf=320
HookDecideIn.order_cap=328
HookDecideIn.reject_message_buf=336
HookDecideIn.reject_message_cap=344
HookDecideIn.restrict_tags_buf=352
HookDecideIn.restrict_tags_cap=360
HookDecideIn.rewrite_buf=368
HookDecideIn.rewrite_cap=376
HookDecideIn.__size=384
HookDecideIn.__align=8
HookDecideOut.head=0
HookDecideOut.verbs=96
HookDecideOut.reject_status=100
HookDecideOut._reserved=102
HookDecideOut.reject_message_written=104
HookDecideOut.reject_message_needed=112
HookDecideOut.restrict_tags_written=120
HookDecideOut.restrict_tags_needed=128
HookDecideOut.order_written=136
HookDecideOut.order_needed=144
HookDecideOut.__size=152
HookDecideOut.__align=8
HookTransformOut.head=0
HookTransformOut.verbs=96
HookTransformOut.reject_status=100
HookTransformOut._reserved=102
HookTransformOut.reject_message_written=104
HookTransformOut.reject_message_needed=112
HookTransformOut.rewrite_written=120
HookTransformOut.rewrite_needed=128
HookTransformOut.__size=136
HookTransformOut.__align=8
HookStageView.request_id=0
HookStageView.pool=8
HookStageView.ingress_dialect=24
HookStageView.message_count=40
HookStageView.total_chars=48
HookStageView.remaining_candidates=56
HookStageView.model=64
HookStageView.previous_failure=80
HookStageView.outcome=96
HookStageView.max_tokens=112
HookStageView.flags=116
HookStageView.at=120
HookStageView.attempt_number=124
HookStageView.status=128
HookStageView._reserved=130
HookStageView.stage_present=132
HookStageView._reserved2=136
HookStageView.__size=144
HookStageView.__align=8
HookNotifyIn.head=0
HookNotifyIn.stage=88
HookNotifyIn.__size=232
HookNotifyIn.__align=8
HookConfigureIn.head=0
HookConfigureIn.version=88
HookConfigureIn.settings=96
HookConfigureIn.name=120
HookConfigureIn.__size=136
HookConfigureIn.__align=8
HookConfigureOut.head=0
HookConfigureOut.acked_version=96
HookConfigureOut.__size=104
HookConfigureOut.__align=8
HookStatusOut.head=0
HookStatusOut.status=96
HookStatusOut.__size=120
HookStatusOut.__align=8
HookDescribeOut.head=0
HookDescribeOut.describe=96
HookDescribeOut.__size=120
HookDescribeOut.__align=8
HookServeIn.head=0
HookServeIn.method=88
HookServeIn.path=104
HookServeIn.query=120
HookServeIn.headers=136
HookServeIn.headers_len=144
HookServeIn.body=152
HookServeIn.__size=176
HookServeIn.__align=8
HookServeOut.head=0
HookServeOut.status_code=96
HookServeOut._reserved=98
HookServeOut.headers_out=104
HookServeOut.headers_out_len=112
HookServeOut.body=120
HookServeOut.__size=144
HookServeOut.__align=8
HookRoute.path=0
HookRoute.method=16
HookRoute.auth=32
HookRoute._reserved=36
HookRoute.__size=40
HookRoute.__align=8
HookTail.head=0
HookTail.kind_class=8
HookTail.prompt_access=12
HookTail.user_access=16
HookTail.infallible=20
HookTail._reserved=21
HookTail.requested_signals=24
HookTail.requested_signals_len=32
HookTail.routes=40
HookTail.routes_len=48
HookTail.declared_words=56
HookTail.declared_words_len=64
HookTail.__size=72
HookTail.__align=8
ExportOps.head=0
ExportOps.deliver=80
ExportOps.scrape=88
ExportOps.status=96
ExportOps.check=104
ExportOps.serve=112
ExportOps.__size=120
ExportOps.__align=8
ExportDeliverIn.head=0
ExportDeliverIn.op_id=88
ExportDeliverIn.stream=104
ExportDeliverIn._reserved=105
ExportDeliverIn.batch=112
ExportDeliverIn.__size=136
ExportDeliverIn.__align=8
ExportScrapeLabel.key=0
ExportScrapeLabel.value=16
ExportScrapeLabel.__size=32
ExportScrapeLabel.__align=8
ExportScrapeSample.name=0
ExportScrapeSample.labels=16
ExportScrapeSample.labels_len=24
ExportScrapeSample.value=32
ExportScrapeSample.__size=48
ExportScrapeSample.__align=8
ExportScrapeFamily.name=0
ExportScrapeFamily.help=16
ExportScrapeFamily.unit=32
ExportScrapeFamily.kind=48
ExportScrapeFamily._reserved=49
ExportScrapeFamily.samples=56
ExportScrapeFamily.samples_len=64
ExportScrapeFamily.__size=72
ExportScrapeFamily.__align=8
ExportScrapeIn.head=0
ExportScrapeIn.families=88
ExportScrapeIn.families_len=96
ExportScrapeIn.buf=104
ExportScrapeIn.cap=112
ExportScrapeIn.__size=120
ExportScrapeIn.__align=8
ExportScrapeOut.head=0
ExportScrapeOut.written=96
ExportScrapeOut.needed=104
ExportScrapeOut.__size=112
ExportScrapeOut.__align=8
ExportStatusOut.head=0
ExportStatusOut.status=96
ExportStatusOut.__size=120
ExportStatusOut.__align=8
ExportCheckInstance.name=0
ExportCheckInstance.settings=16
ExportCheckInstance.__size=40
ExportCheckInstance.__align=8
ExportCheckIn.head=0
ExportCheckIn.phase=88
ExportCheckIn._reserved=92
ExportCheckIn.instances=96
ExportCheckIn.instances_len=104
ExportCheckIn.__size=112
ExportCheckIn.__align=8
ExportCheckOut.head=0
ExportCheckOut.findings=96
ExportCheckOut.__size=120
ExportCheckOut.__align=8
ExportServeIn.head=0
ExportServeIn.method=88
ExportServeIn.path=104
ExportServeIn.query=120
ExportServeIn.headers=136
ExportServeIn.headers_len=144
ExportServeIn.body=152
ExportServeIn.__size=176
ExportServeIn.__align=8
ExportServeOut.head=0
ExportServeOut.status_code=96
ExportServeOut._reserved=98
ExportServeOut.headers_out=104
ExportServeOut.headers_out_len=112
ExportServeOut.body=120
ExportServeOut.__size=144
ExportServeOut.__align=8
ExportRoute.path=0
ExportRoute.method=16
ExportRoute.auth=32
ExportRoute._reserved=36
ExportRoute.__size=40
ExportRoute.__align=8
ExportTail.head=0
ExportTail.streams=8
ExportTail.streams_len=16
ExportTail.routes=24
ExportTail.routes_len=32
ExportTail.__size=40
ExportTail.__align=8
