AbiPreamble.magic=0
AbiPreamble.abi_major=8
AbiPreamble.abi_minor=12
AbiPreamble.__size=16
AbiPreamble.__align=8
Facts.size=0
Facts.version=4
Facts._reserved=6
Facts.tokens=8
Facts.budget_remaining=16
Facts.tenant_id=24
Facts.priority=32
Facts.flags=36
Facts.pool_name_ptr=40
Facts.pool_name_len=48
Facts.identity_id_ptr=56
Facts.identity_id_len=64
Facts.group_ptr=72
Facts.group_len=80
Facts.__size=88
Facts.__align=8
Usage.size=0
Usage.version=4
Usage.component=6
Usage._reserved=7
Usage.amount=8
Usage.unit_cost_micros=16
Usage.admission=24
Usage.key_id_ptr=32
Usage.key_id_len=40
Usage.model_ptr=48
Usage.model_len=56
Usage.provider_ptr=64
Usage.provider_len=72
Usage.__size=80
Usage.__align=8
Key.size=0
Key.version=4
Key._reserved=6
Key.scope=8
Key._reserved2=12
Key.key_ptr=16
Key.key_len=24
Key.__size=32
Key.__align=8
Signal.size=0
Signal.version=4
Signal.class=6
Signal._reserved=7
Signal.latency_nanos=8
Signal.bytes=16
Signal.fault_class=24
Signal.fault_flags=25
Signal._reserved2=26
Signal._reserved3=28
Signal.retry_after_secs=32
Signal.provider_signal_ptr=40
Signal.provider_signal_len=48
Signal.__size=56
Signal.__align=8
AdmitRefusal.size=0
AdmitRefusal.version=4
AdmitRefusal.reason=6
AdmitRefusal._reserved=7
AdmitRefusal.retry_after_secs=8
AdmitRefusal.__size=16
AdmitRefusal.__align=8
GovRefusal.size=0
GovRefusal.version=4
GovRefusal._reserved=6
GovRefusal.retry_after_secs=8
GovRefusal.reason_len=16
GovRefusal.__size=24
GovRefusal.__align=8
EgressDesc.size=0
EgressDesc.version=4
EgressDesc.kind=6
EgressDesc._reserved=7
EgressDesc.allowlist_scope=8
EgressDesc._reserved2=12
EgressDesc.target_ptr=16
EgressDesc.target_len=24
EgressDesc.client_identity_ref=32
EgressDesc.credential_ref=40
EgressDesc.verb_ptr=48
EgressDesc.verb_len=56
EgressDesc.headers_ptr=64
EgressDesc.headers_len=72
EgressDesc.body_ptr=80
EgressDesc.body_len=88
EgressDesc.cred_header_ptr=96
EgressDesc.cred_header_len=104
EgressDesc.cred_scheme_ptr=112
EgressDesc.cred_scheme_len=120
EgressDesc.env_ptr=128
EgressDesc.env_len=136
EgressDesc.cwd_ptr=144
EgressDesc.cwd_len=152
EgressDesc.stderr_inherit=160
EgressDesc._reserved3=161
EgressDesc.__size=168
EgressDesc.__align=8
EgressHead.size=0
EgressHead.version=4
EgressHead.status_code=6
EgressHead.observed_spki_ptr=8
EgressHead.observed_spki_len=16
EgressHead.resp_headers_ptr=24
EgressHead.resp_headers_len=32
EgressHead.__size=40
EgressHead.__align=8
EgressOpen.size=0
EgressOpen.version=4
EgressOpen._reserved=6
EgressOpen.id=8
EgressOpen.pipe=16
EgressOpen.head=24
EgressOpen.__size=64
EgressOpen.__align=8
EgressFault.size=0
EgressFault.version=4
EgressFault.fail_class=6
EgressFault._reserved=7
EgressFault.status_code=8
EgressFault._reserved2=10
EgressFault.cause_len=12
EgressFault.url_len=16
EgressFault.__size=20
EgressFault.__align=4
CmdDesc.size=0
CmdDesc.version=4
CmdDesc.argv_count=6
CmdDesc.program_ptr=8
CmdDesc.program_len=16
CmdDesc.argv_ptr=24
CmdDesc.argv_len=32
CmdDesc.__size=40
CmdDesc.__align=8
FramingDesc.size=0
FramingDesc.version=4
FramingDesc.framing=6
FramingDesc.digests_scope=7
FramingDesc.__size=8
FramingDesc.__align=4
JournalQuery.size=0
JournalQuery.version=4
JournalQuery._reserved=6
JournalQuery.scope=8
JournalQuery._reserved2=12
JournalQuery.from_seq=16
JournalQuery.limit=24
JournalQuery.__size=32
JournalQuery.__align=8
JournalStreamDesc.size=0
JournalStreamDesc.version=4
JournalStreamDesc.framing=6
JournalStreamDesc.digests_scope=7
JournalStreamDesc.kind_id=8
JournalStreamDesc._reserved=12
JournalStreamDesc.kind_ptr=16
JournalStreamDesc.kind_len=24
JournalStreamDesc.__size=32
JournalStreamDesc.__align=8
ReframeOut.size=0
ReframeOut.version=4
ReframeOut.digests_scope=6
ReframeOut._r=7
ReframeOut.seq=8
ReframeOut.prev_len=16
ReframeOut.hash_len=24
ReframeOut.suffix_len=32
ReframeOut.__size=40
ReframeOut.__align=8
RestoredHdr.size=0
RestoredHdr.version=4
RestoredHdr._reserved=6
RestoredHdr.scopes=8
RestoredHdr.records=16
RestoredHdr.empty_scopes=24
RestoredHdr.chain_breaks=32
RestoredHdr.__size=40
RestoredHdr.__align=8
ChainBreakHdr.size=0
ChainBreakHdr.version=4
ChainBreakHdr.broke=6
ChainBreakHdr._reserved=7
ChainBreakHdr._reserved2=8
ChainBreakHdr.at_index=16
ChainBreakHdr.seq=24
ChainBreakHdr.__size=32
ChainBreakHdr.__align=8
VerifyChainHdr.size=0
VerifyChainHdr.version=4
VerifyChainHdr.verified=6
VerifyChainHdr._reserved=7
VerifyChainHdr._reserved2=8
VerifyChainHdr.at_index=16
VerifyChainHdr.seq=24
VerifyChainHdr.__size=32
VerifyChainHdr.__align=8
OpDesc.size=0
OpDesc.version=4
OpDesc._reserved=6
OpDesc.depth=8
OpDesc._reserved2=12
OpDesc.correlation_id=16
OpDesc.work_ptr=24
OpDesc.work_len=32
OpDesc.__size=40
OpDesc.__align=8
OpResult.size=0
OpResult.version=4
OpResult.class=6
OpResult._reserved=7
OpResult.body_len=8
OpResult.seq=16
OpResult.__size=24
OpResult.__align=8
WorkHandleDesc.size=0
WorkHandleDesc.version=4
WorkHandleDesc._reserved=6
WorkHandleDesc.scope=8
WorkHandleDesc.ttl_secs=12
WorkHandleDesc.correlation_id=16
WorkHandleDesc.__size=24
WorkHandleDesc.__align=8
VerifyVerdict.size=0
VerifyVerdict.version=4
VerifyVerdict.outcome=6
VerifyVerdict._reserved=7
VerifyVerdict.lease=8
VerifyVerdict.digest_ptr=16
VerifyVerdict.digest_len=24
VerifyVerdict.__size=32
VerifyVerdict.__align=8
AuthQuery.size=0
AuthQuery.version=4
AuthQuery._reserved=6
AuthQuery.credential_ref=8
AuthQuery.audience_ptr=16
AuthQuery.audience_len=24
AuthQuery.__size=32
AuthQuery.__align=8
AuthResolved.size=0
AuthResolved.version=4
AuthResolved._reserved=6
AuthResolved._reserved2=8
AuthResolved.resolved_ref=16
AuthResolved.expires_unix=24
AuthResolved.__size=32
AuthResolved.__align=8
MetricSample.size=0
MetricSample.version=4
MetricSample._reserved=6
MetricSample._reserved2=8
MetricSample.value_bits=16
MetricSample.name_ptr=24
MetricSample.name_len=32
MetricSample.labels_ptr=40
MetricSample.labels_len=48
MetricSample.__size=56
MetricSample.__align=8
VerifyQuery.size=0
VerifyQuery.version=4
VerifyQuery._reserved=6
VerifyQuery.last_checked_present=8
VerifyQuery._reserved2=12
VerifyQuery.ttl_ms=16
VerifyQuery.now_ms=24
VerifyQuery.last_checked_ms=32
VerifyQuery.__size=40
VerifyQuery.__align=8
ApprovalQuery.size=0
ApprovalQuery.version=4
ApprovalQuery._reserved=6
ApprovalQuery.scope=8
ApprovalQuery._reserved2=12
ApprovalQuery.expires_at=16
ApprovalQuery.now=24
ApprovalQuery.key_ptr=32
ApprovalQuery.key_len=40
ApprovalQuery.__size=48
ApprovalQuery.__align=8
CounterpartyRef.size=0
CounterpartyRef.version=4
CounterpartyRef._reserved=6
CounterpartyRef.scope=8
CounterpartyRef._reserved2=12
CounterpartyRef.ref_ptr=16
CounterpartyRef.ref_len=24
CounterpartyRef.identity_live=32
CounterpartyRef.grant_outcome=33
CounterpartyRef.registration_state=34
CounterpartyRef.artifact_outcome=35
CounterpartyRef.fact_flags=36
CounterpartyRef._reserved3=37
CounterpartyRef._reserved4=38
CounterpartyRef.generation_admitted=40
CounterpartyRef.generation_live=48
CounterpartyRef.__size=56
CounterpartyRef.__align=8
CallerRef.size=0
CallerRef.version=4
CallerRef._reserved=6
CallerRef.scope=8
CallerRef._reserved2=12
CallerRef.ref_ptr=16
CallerRef.ref_len=24
CallerRef.__size=32
CallerRef.__align=8
TargetRef.size=0
TargetRef.version=4
TargetRef._reserved=6
TargetRef.scope_kind=8
TargetRef._reserved2=12
TargetRef.ref_ptr=16
TargetRef.ref_len=24
TargetRef.__size=32
TargetRef.__align=8
ContentChunk.size=0
ContentChunk.version=4
ContentChunk.is_final=6
ContentChunk._reserved=7
ContentChunk.session_id=8
ContentChunk.offset=16
ContentChunk.data_ptr=24
ContentChunk.data_len=32
ContentChunk.__size=40
ContentChunk.__align=8
OpaqueState.ptr=0
OpaqueState.free=8
OpaqueState.__size=16
OpaqueState.__align=8
InboundHandle.kind=0
InboundHandle._reserved=1
InboundHandle.id=8
InboundHandle.ptr=16
InboundHandle.len=24
InboundHandle.__size=32
InboundHandle.__align=8
EmitHandle.kind=0
EmitHandle._reserved=1
EmitHandle.id=8
EmitHandle.__size=16
EmitHandle.__align=8
WorkItem.size=0
WorkItem.version=4
WorkItem._reserved=6
WorkItem.inbound=8
WorkItem.emit=40
WorkItem.__size=56
WorkItem.__align=8
PlaneHostVtable.abi=0
PlaneHostVtable.size=16
PlaneHostVtable.version=20
PlaneHostVtable.__size=336
PlaneHostVtable.__align=8
BuildCtx.size=0
BuildCtx.version=4
BuildCtx._reserved=6
BuildCtx._reserved2=8
BuildCtx.host=16
BuildCtx.host_ctx=24
BuildCtx.config_ptr=32
BuildCtx.config_len=40
BuildCtx.resolved_refs_ptr=48
BuildCtx.resolved_refs_len=56
BuildCtx.__size=64
BuildCtx.__align=8
PlaneDecl.abi=0
PlaneDecl.size=16
PlaneDecl.version=20
PlaneDecl.name_ptr=24
PlaneDecl.name_len=32
PlaneDecl.section_key_ptr=40
PlaneDecl.section_key_len=48
PlaneDecl.scope_ptr=56
PlaneDecl.scope_len=64
PlaneDecl.label_ptr=72
PlaneDecl.label_len=80
PlaneDecl.provided_carriers=88
PlaneDecl._reserved=92
PlaneDecl.__size=152
PlaneDecl.__align=8
